[2022-11-19T09:55:34.111+0100][gc,init] CardTable entry size: 512
[2022-11-19T09:55:34.112+0100][gc     ] Using G1
[2022-11-19T09:55:34.118+0100][gc,init] Version: 19.0.1+10-21 (release)
[2022-11-19T09:55:34.118+0100][gc,init] CPUs: 8 total, 8 available
[2022-11-19T09:55:34.118+0100][gc,init] Memory: 16384M
[2022-11-19T09:55:34.118+0100][gc,init] Large Page Support: Disabled
[2022-11-19T09:55:34.118+0100][gc,init] NUMA Support: Disabled
[2022-11-19T09:55:34.118+0100][gc,init] Compressed Oops: Enabled (Zero based)
[2022-11-19T09:55:34.118+0100][gc,init] Heap Region Size: 1M
[2022-11-19T09:55:34.118+0100][gc,init] Heap Min Capacity: 1G
[2022-11-19T09:55:34.118+0100][gc,init] Heap Initial Capacity: 1G
[2022-11-19T09:55:34.118+0100][gc,init] Heap Max Capacity: 1G
[2022-11-19T09:55:34.118+0100][gc,init] Pre-touch: Disabled
[2022-11-19T09:55:34.118+0100][gc,init] Parallel Workers: 8
[2022-11-19T09:55:34.118+0100][gc,init] Concurrent Workers: 2
[2022-11-19T09:55:34.118+0100][gc,init] Concurrent Refinement Workers: 8
[2022-11-19T09:55:34.118+0100][gc,init] Periodic GC: Disabled
[2022-11-19T09:55:34.118+0100][gc,metaspace] CDS archive(s) mapped at: [0x0000000800000000-0x0000000800c44000-0x0000000800c44000), size 12861440, SharedBaseAddress: 0x0000000800000000, ArchiveRelocationMode: 0.
[2022-11-19T09:55:34.118+0100][gc,metaspace] Compressed class space mapped at: 0x0000000801000000-0x0000000841000000, reserved size: 1073741824
[2022-11-19T09:55:34.118+0100][gc,metaspace] Narrow klass base: 0x0000000800000000, Narrow klass shift: 0, Narrow klass range: 0x100000000
[2022-11-19T09:55:35.717+0100][gc,start    ] GC(0) Pause Young (Normal) (G1 Evacuation Pause)
[2022-11-19T09:55:35.717+0100][gc,task     ] GC(0) Using 8 workers of 8 for evacuation
[2022-11-19T09:55:35.722+0100][gc,phases   ] GC(0)   Pre Evacuate Collection Set: 0.1ms
[2022-11-19T09:55:35.722+0100][gc,phases   ] GC(0)   Merge Heap Roots: 0.1ms
[2022-11-19T09:55:35.722+0100][gc,phases   ] GC(0)   Evacuate Collection Set: 3.9ms
[2022-11-19T09:55:35.722+0100][gc,phases   ] GC(0)   Post Evacuate Collection Set: 1.1ms
[2022-11-19T09:55:35.722+0100][gc,phases   ] GC(0)   Other: 0.5ms
[2022-11-19T09:55:35.722+0100][gc,heap     ] GC(0) Eden regions: 51->0(44)
[2022-11-19T09:55:35.722+0100][gc,heap     ] GC(0) Survivor regions: 0->7(7)
[2022-11-19T09:55:35.722+0100][gc,heap     ] GC(0) Old regions: 0->1
[2022-11-19T09:55:35.722+0100][gc,heap     ] GC(0) Archive regions: 2->2
[2022-11-19T09:55:35.722+0100][gc,heap     ] GC(0) Humongous regions: 0->0
[2022-11-19T09:55:35.722+0100][gc,metaspace] GC(0) Metaspace: 19022K(19264K)->19022K(19264K) NonClass: 16662K(16768K)->16662K(16768K) Class: 2359K(2496K)->2359K(2496K)
[2022-11-19T09:55:35.722+0100][gc          ] GC(0) Pause Young (Normal) (G1 Evacuation Pause) 51M->8M(1024M) 5.954ms
[2022-11-19T09:55:35.722+0100][gc,cpu      ] GC(0) User=0.02s Sys=0.01s Real=0.01s
[2022-11-19T09:55:35.911+0100][gc,start    ] GC(1) Pause Young (Concurrent Start) (Metadata GC Threshold)
[2022-11-19T09:55:35.911+0100][gc,task     ] GC(1) Using 8 workers of 8 for evacuation
[2022-11-19T09:55:35.917+0100][gc,phases   ] GC(1)   Pre Evacuate Collection Set: 0.2ms
[2022-11-19T09:55:35.917+0100][gc,phases   ] GC(1)   Merge Heap Roots: 0.0ms
[2022-11-19T09:55:35.917+0100][gc,phases   ] GC(1)   Evacuate Collection Set: 4.5ms
[2022-11-19T09:55:35.917+0100][gc,phases   ] GC(1)   Post Evacuate Collection Set: 0.4ms
[2022-11-19T09:55:35.917+0100][gc,phases   ] GC(1)   Other: 0.1ms
[2022-11-19T09:55:35.917+0100][gc,heap     ] GC(1) Eden regions: 9->0(49)
[2022-11-19T09:55:35.917+0100][gc,heap     ] GC(1) Survivor regions: 7->2(7)
[2022-11-19T09:55:35.917+0100][gc,heap     ] GC(1) Old regions: 1->8
[2022-11-19T09:55:35.917+0100][gc,heap     ] GC(1) Archive regions: 2->2
[2022-11-19T09:55:35.917+0100][gc,heap     ] GC(1) Humongous regions: 0->0
[2022-11-19T09:55:35.917+0100][gc,metaspace] GC(1) Metaspace: 21308K(21504K)->21308K(21504K) NonClass: 18588K(18688K)->18588K(18688K) Class: 2720K(2816K)->2720K(2816K)
[2022-11-19T09:55:35.917+0100][gc          ] GC(1) Pause Young (Concurrent Start) (Metadata GC Threshold) 16M->9M(1024M) 5.478ms
[2022-11-19T09:55:35.917+0100][gc,cpu      ] GC(1) User=0.02s Sys=0.01s Real=0.00s
[2022-11-19T09:55:35.917+0100][gc          ] GC(2) Concurrent Mark Cycle
[2022-11-19T09:55:35.917+0100][gc,marking  ] GC(2) Concurrent Clear Claimed Marks
[2022-11-19T09:55:35.917+0100][gc,marking  ] GC(2) Concurrent Clear Claimed Marks 0.016ms
[2022-11-19T09:55:35.917+0100][gc,marking  ] GC(2) Concurrent Scan Root Regions
[2022-11-19T09:55:35.919+0100][gc,marking  ] GC(2) Concurrent Scan Root Regions 1.915ms
[2022-11-19T09:55:35.919+0100][gc,marking  ] GC(2) Concurrent Mark
[2022-11-19T09:55:35.919+0100][gc,marking  ] GC(2) Concurrent Mark From Roots
[2022-11-19T09:55:35.919+0100][gc,task     ] GC(2) Using 2 workers of 2 for marking
[2022-11-19T09:55:35.920+0100][gc,marking  ] GC(2) Concurrent Mark From Roots 1.429ms
[2022-11-19T09:55:35.920+0100][gc,marking  ] GC(2) Concurrent Preclean
[2022-11-19T09:55:35.921+0100][gc,marking  ] GC(2) Concurrent Preclean 0.054ms
[2022-11-19T09:55:35.921+0100][gc,start    ] GC(2) Pause Remark
[2022-11-19T09:55:35.922+0100][gc          ] GC(2) Pause Remark 9M->9M(1024M) 1.236ms
[2022-11-19T09:55:35.922+0100][gc,cpu      ] GC(2) User=0.00s Sys=0.00s Real=0.00s
[2022-11-19T09:55:35.922+0100][gc,marking  ] GC(2) Concurrent Mark 3.019ms
[2022-11-19T09:55:35.922+0100][gc,marking  ] GC(2) Concurrent Rebuild Remembered Sets
[2022-11-19T09:55:35.924+0100][gc,marking  ] GC(2) Concurrent Rebuild Remembered Sets 2.015ms
[2022-11-19T09:55:35.924+0100][gc,start    ] GC(2) Pause Cleanup
[2022-11-19T09:55:35.924+0100][gc          ] GC(2) Pause Cleanup 9M->9M(1024M) 0.175ms
[2022-11-19T09:55:35.924+0100][gc,cpu      ] GC(2) User=0.00s Sys=0.00s Real=0.00s
[2022-11-19T09:55:35.925+0100][gc,marking  ] GC(2) Concurrent Cleanup for Next Mark
[2022-11-19T09:55:35.931+0100][gc,marking  ] GC(2) Concurrent Cleanup for Next Mark 6.028ms
[2022-11-19T09:55:35.931+0100][gc          ] GC(2) Concurrent Mark Cycle 13.668ms
[2022-11-19T09:55:39.946+0100][gc,heap,exit] Heap
[2022-11-19T09:55:39.946+0100][gc,heap,exit]  garbage-first heap   total 1048576K, used 191030K [0x00000007c0000000, 0x0000000800000000)
[2022-11-19T09:55:39.946+0100][gc,heap,exit]   region size 1024K, 51 young (52224K), 2 survivors (2048K)
[2022-11-19T09:55:39.946+0100][gc,heap,exit]  Metaspace       used 32236K, committed 32576K, reserved 1114112K
[2022-11-19T09:55:39.946+0100][gc,heap,exit]   class space    used 3960K, committed 4096K, reserved 1048576K
