[2022-11-14T19:21:15.184+0100][gc,heap] Heap region size: 1M
[2022-11-14T19:21:15.194+0100][gc     ] Using G1
[2022-11-14T19:21:15.194+0100][gc,heap,coops] Heap address: 0x00000007c0000000, size: 1024 MB, Compressed Oops mode: Zero based, Oop shift amount: 3
[2022-11-14T19:21:16.595+0100][gc,start     ] GC(0) Pause Young (Concurrent Start) (Metadata GC Threshold)
[2022-11-14T19:21:16.595+0100][gc,task      ] GC(0) Using 8 workers of 8 for evacuation
[2022-11-14T19:21:16.604+0100][gc,phases    ] GC(0)   Pre Evacuate Collection Set: 0.0ms
[2022-11-14T19:21:16.604+0100][gc,phases    ] GC(0)   Evacuate Collection Set: 8.3ms
[2022-11-14T19:21:16.604+0100][gc,phases    ] GC(0)   Post Evacuate Collection Set: 0.5ms
[2022-11-14T19:21:16.604+0100][gc,phases    ] GC(0)   Other: 0.8ms
[2022-11-14T19:21:16.604+0100][gc,heap      ] GC(0) Eden regions: 42->0(44)
[2022-11-14T19:21:16.604+0100][gc,heap      ] GC(0) Survivor regions: 0->7(7)
[2022-11-14T19:21:16.604+0100][gc,heap      ] GC(0) Old regions: 0->0
[2022-11-14T19:21:16.604+0100][gc,heap      ] GC(0) Humongous regions: 0->0
[2022-11-14T19:21:16.604+0100][gc,metaspace ] GC(0) Metaspace: 20685K->20685K(1069056K)
[2022-11-14T19:21:16.604+0100][gc           ] GC(0) Pause Young (Concurrent Start) (Metadata GC Threshold) 42M->6M(1024M) 9.815ms
[2022-11-14T19:21:16.604+0100][gc,cpu       ] GC(0) User=0.02s Sys=0.00s Real=0.01s
[2022-11-14T19:21:16.604+0100][gc           ] GC(1) Concurrent Cycle
[2022-11-14T19:21:16.604+0100][gc,marking   ] GC(1) Concurrent Clear Claimed Marks
[2022-11-14T19:21:16.604+0100][gc,marking   ] GC(1) Concurrent Clear Claimed Marks 0.030ms
[2022-11-14T19:21:16.604+0100][gc,marking   ] GC(1) Concurrent Scan Root Regions
[2022-11-14T19:21:16.606+0100][gc,marking   ] GC(1) Concurrent Scan Root Regions 1.909ms
[2022-11-14T19:21:16.606+0100][gc,marking   ] GC(1) Concurrent Mark (1.436s)
[2022-11-14T19:21:16.606+0100][gc,marking   ] GC(1) Concurrent Mark From Roots
[2022-11-14T19:21:16.607+0100][gc,task      ] GC(1) Using 2 workers of 2 for marking
[2022-11-14T19:21:16.607+0100][gc,marking   ] GC(1) Concurrent Mark From Roots 0.163ms
[2022-11-14T19:21:16.607+0100][gc,marking   ] GC(1) Concurrent Preclean
[2022-11-14T19:21:16.607+0100][gc,marking   ] GC(1) Concurrent Preclean 0.038ms
[2022-11-14T19:21:16.607+0100][gc,marking   ] GC(1) Concurrent Mark (1.436s, 1.436s) 0.297ms
[2022-11-14T19:21:16.607+0100][gc,start     ] GC(1) Pause Remark
[2022-11-14T19:21:16.609+0100][gc,stringtable] GC(1) Cleaned string and symbol table, strings: 7228 processed, 0 removed, symbols: 63568 processed, 40 removed
[2022-11-14T19:21:16.609+0100][gc            ] GC(1) Pause Remark 7M->7M(1024M) 2.347ms
[2022-11-14T19:21:16.609+0100][gc,cpu        ] GC(1) User=0.01s Sys=0.00s Real=0.00s
[2022-11-14T19:21:16.609+0100][gc,marking    ] GC(1) Concurrent Rebuild Remembered Sets
[2022-11-14T19:21:16.609+0100][gc,marking    ] GC(1) Concurrent Rebuild Remembered Sets 0.098ms
[2022-11-14T19:21:16.610+0100][gc,start      ] GC(1) Pause Cleanup
[2022-11-14T19:21:16.611+0100][gc            ] GC(1) Pause Cleanup 7M->7M(1024M) 0.185ms
[2022-11-14T19:21:16.611+0100][gc,cpu        ] GC(1) User=0.00s Sys=0.00s Real=0.00s
[2022-11-14T19:21:16.611+0100][gc,marking    ] GC(1) Concurrent Cleanup for Next Mark
[2022-11-14T19:21:16.617+0100][gc,marking    ] GC(1) Concurrent Cleanup for Next Mark 6.775ms
[2022-11-14T19:21:16.618+0100][gc            ] GC(1) Concurrent Cycle 13.147ms
[2022-11-14T19:21:18.088+0100][gc,start      ] GC(2) Pause Young (Normal) (G1 Evacuation Pause)
[2022-11-14T19:21:18.088+0100][gc,task       ] GC(2) Using 8 workers of 8 for evacuation
[2022-11-14T19:21:18.098+0100][gc,phases     ] GC(2)   Pre Evacuate Collection Set: 0.0ms
[2022-11-14T19:21:18.098+0100][gc,phases     ] GC(2)   Evacuate Collection Set: 8.8ms
[2022-11-14T19:21:18.098+0100][gc,phases     ] GC(2)   Post Evacuate Collection Set: 0.6ms
[2022-11-14T19:21:18.098+0100][gc,phases     ] GC(2)   Other: 0.2ms
[2022-11-14T19:21:18.098+0100][gc,heap       ] GC(2) Eden regions: 44->0(48)
[2022-11-14T19:21:18.098+0100][gc,heap       ] GC(2) Survivor regions: 7->3(7)
[2022-11-14T19:21:18.098+0100][gc,heap       ] GC(2) Old regions: 0->7
[2022-11-14T19:21:18.098+0100][gc,heap       ] GC(2) Humongous regions: 129->129
[2022-11-14T19:21:18.098+0100][gc,metaspace  ] GC(2) Metaspace: 30263K->30263K(1077248K)
[2022-11-14T19:21:18.098+0100][gc            ] GC(2) Pause Young (Normal) (G1 Evacuation Pause) 179M->137M(1024M) 9.679ms
[2022-11-14T19:21:18.098+0100][gc,cpu        ] GC(2) User=0.04s Sys=0.01s Real=0.01s
[2022-11-14T19:21:18.363+0100][gc,start      ] GC(3) Pause Young (Concurrent Start) (Metadata GC Threshold)
[2022-11-14T19:21:18.363+0100][gc,task       ] GC(3) Using 8 workers of 8 for evacuation
[2022-11-14T19:21:18.367+0100][gc,phases     ] GC(3)   Pre Evacuate Collection Set: 0.0ms
[2022-11-14T19:21:18.367+0100][gc,phases     ] GC(3)   Evacuate Collection Set: 3.3ms
[2022-11-14T19:21:18.367+0100][gc,phases     ] GC(3)   Post Evacuate Collection Set: 0.2ms
[2022-11-14T19:21:18.367+0100][gc,phases     ] GC(3)   Other: 0.2ms
[2022-11-14T19:21:18.367+0100][gc,heap       ] GC(3) Eden regions: 21->0(48)
[2022-11-14T19:21:18.367+0100][gc,heap       ] GC(3) Survivor regions: 3->3(7)
[2022-11-14T19:21:18.367+0100][gc,heap       ] GC(3) Old regions: 7->7
[2022-11-14T19:21:18.367+0100][gc,heap       ] GC(3) Humongous regions: 129->129
[2022-11-14T19:21:18.367+0100][gc,metaspace  ] GC(3) Metaspace: 34701K->34701K(1081344K)
[2022-11-14T19:21:18.367+0100][gc            ] GC(3) Pause Young (Concurrent Start) (Metadata GC Threshold) 158M->138M(1024M) 3.748ms
[2022-11-14T19:21:18.367+0100][gc,cpu        ] GC(3) User=0.01s Sys=0.00s Real=0.00s
[2022-11-14T19:21:18.367+0100][gc            ] GC(4) Concurrent Cycle
[2022-11-14T19:21:18.367+0100][gc,marking    ] GC(4) Concurrent Clear Claimed Marks
[2022-11-14T19:21:18.367+0100][gc,marking    ] GC(4) Concurrent Clear Claimed Marks 0.033ms
[2022-11-14T19:21:18.367+0100][gc,marking    ] GC(4) Concurrent Scan Root Regions
[2022-11-14T19:21:18.368+0100][gc,marking    ] GC(4) Concurrent Scan Root Regions 1.111ms
[2022-11-14T19:21:18.368+0100][gc,marking    ] GC(4) Concurrent Mark (3.198s)
[2022-11-14T19:21:18.368+0100][gc,marking    ] GC(4) Concurrent Mark From Roots
[2022-11-14T19:21:18.368+0100][gc,task       ] GC(4) Using 2 workers of 2 for marking
[2022-11-14T19:21:18.374+0100][gc,marking    ] GC(4) Concurrent Mark From Roots 5.353ms
[2022-11-14T19:21:18.374+0100][gc,marking    ] GC(4) Concurrent Preclean
[2022-11-14T19:21:18.374+0100][gc,marking    ] GC(4) Concurrent Preclean 0.063ms
[2022-11-14T19:21:18.374+0100][gc,marking    ] GC(4) Concurrent Mark (3.198s, 3.204s) 5.473ms
[2022-11-14T19:21:18.374+0100][gc,start      ] GC(4) Pause Remark
[2022-11-14T19:21:18.376+0100][gc,stringtable] GC(4) Cleaned string and symbol table, strings: 10734 processed, 9 removed, symbols: 95798 processed, 36 removed
[2022-11-14T19:21:18.376+0100][gc            ] GC(4) Pause Remark 138M->138M(1024M) 1.903ms
[2022-11-14T19:21:18.376+0100][gc,cpu        ] GC(4) User=0.02s Sys=0.00s Real=0.00s
[2022-11-14T19:21:18.376+0100][gc,marking    ] GC(4) Concurrent Rebuild Remembered Sets
[2022-11-14T19:21:18.379+0100][gc,marking    ] GC(4) Concurrent Rebuild Remembered Sets 2.568ms
[2022-11-14T19:21:18.379+0100][gc,start      ] GC(4) Pause Cleanup
[2022-11-14T19:21:18.379+0100][gc            ] GC(4) Pause Cleanup 139M->139M(1024M) 0.094ms
[2022-11-14T19:21:18.379+0100][gc,cpu        ] GC(4) User=0.00s Sys=0.00s Real=0.00s
[2022-11-14T19:21:18.379+0100][gc,marking    ] GC(4) Concurrent Cleanup for Next Mark
[2022-11-14T19:21:18.387+0100][gc,marking    ] GC(4) Concurrent Cleanup for Next Mark 8.016ms
[2022-11-14T19:21:18.387+0100][gc            ] GC(4) Concurrent Cycle 19.705ms
[2022-11-14T19:21:19.179+0100][gc,start      ] GC(5) Pause Young (Normal) (G1 Evacuation Pause)
[2022-11-14T19:21:19.179+0100][gc,task       ] GC(5) Using 8 workers of 8 for evacuation
[2022-11-14T19:21:19.185+0100][gc,phases     ] GC(5)   Pre Evacuate Collection Set: 0.0ms
[2022-11-14T19:21:19.198+0100][gc,phases     ] GC(5)   Evacuate Collection Set: 5.5ms
[2022-11-14T19:21:19.198+0100][gc,phases     ] GC(5)   Post Evacuate Collection Set: 0.4ms
[2022-11-14T19:21:19.198+0100][gc,phases     ] GC(5)   Other: 0.2ms
[2022-11-14T19:21:19.199+0100][gc,heap       ] GC(5) Eden regions: 48->0(44)
[2022-11-14T19:21:19.199+0100][gc,heap       ] GC(5) Survivor regions: 3->7(7)
[2022-11-14T19:21:19.199+0100][gc,heap       ] GC(5) Old regions: 7->7
[2022-11-14T19:21:19.199+0100][gc,heap       ] GC(5) Humongous regions: 129->129
[2022-11-14T19:21:19.199+0100][gc,metaspace  ] GC(5) Metaspace: 43080K->43080K(1087488K)
[2022-11-14T19:21:19.199+0100][gc            ] GC(5) Pause Young (Normal) (G1 Evacuation Pause) 186M->141M(1024M) 19.386ms
[2022-11-14T19:21:19.199+0100][gc,cpu        ] GC(5) User=0.02s Sys=0.00s Real=0.02s
[2022-11-14T19:56:29.901+0100][gc,start      ] GC(6) Pause Young (Normal) (G1 Evacuation Pause)
[2022-11-14T19:56:29.901+0100][gc,task       ] GC(6) Using 8 workers of 8 for evacuation
[2022-11-14T19:56:29.911+0100][gc,phases     ] GC(6)   Pre Evacuate Collection Set: 0.8ms
[2022-11-14T19:56:29.912+0100][gc,phases     ] GC(6)   Evacuate Collection Set: 8.4ms
[2022-11-14T19:56:29.912+0100][gc,phases     ] GC(6)   Post Evacuate Collection Set: 0.9ms
[2022-11-14T19:56:29.912+0100][gc,phases     ] GC(6)   Other: 0.6ms
[2022-11-14T19:56:29.912+0100][gc,heap       ] GC(6) Eden regions: 44->0(49)
[2022-11-14T19:56:29.912+0100][gc,heap       ] GC(6) Survivor regions: 7->2(7)
[2022-11-14T19:56:29.912+0100][gc,heap       ] GC(6) Old regions: 7->13
[2022-11-14T19:56:29.912+0100][gc,heap       ] GC(6) Humongous regions: 129->129
[2022-11-14T19:56:29.912+0100][gc,metaspace  ] GC(6) Metaspace: 47668K->47668K(1091584K)
[2022-11-14T19:56:29.912+0100][gc            ] GC(6) Pause Young (Normal) (G1 Evacuation Pause) 185M->142M(1024M) 10.866ms
[2022-11-14T19:56:29.912+0100][gc,cpu        ] GC(6) User=0.03s Sys=0.01s Real=0.01s
[2022-11-14T20:30:28.642+0100][gc,heap,exit  ] Heap
[2022-11-14T20:30:28.643+0100][gc,heap,exit  ]  garbage-first heap   total 1048576K, used 179152K [0x00000007c0000000, 0x0000000800000000)
[2022-11-14T20:30:28.643+0100][gc,heap,exit  ]   region size 1024K, 36 young (36864K), 2 survivors (2048K)
[2022-11-14T20:30:28.643+0100][gc,heap,exit  ]  Metaspace       used 48765K, capacity 51019K, committed 51244K, reserved 1093632K
[2022-11-14T20:30:28.643+0100][gc,heap,exit  ]   class space    used 6378K, capacity 7519K, committed 7552K, reserved 1048576K
