[2022-11-06T10:07:57.202+0100][gc,heap] Heap region size: 1M
[2022-11-06T10:07:57.212+0100][gc     ] Using G1
[2022-11-06T10:07:57.212+0100][gc,heap,coops] Heap address: 0x00000007c0000000, size: 1024 MB, Compressed Oops mode: Zero based, Oop shift amount: 3
[2022-11-06T10:07:58.323+0100][gc,start     ] GC(0) Pause Young (Concurrent Start) (Metadata GC Threshold)
[2022-11-06T10:07:58.324+0100][gc,task      ] GC(0) Using 8 workers of 8 for evacuation
[2022-11-06T10:07:58.332+0100][gc,phases    ] GC(0)   Pre Evacuate Collection Set: 0.0ms
[2022-11-06T10:07:58.332+0100][gc,phases    ] GC(0)   Evacuate Collection Set: 7.1ms
[2022-11-06T10:07:58.332+0100][gc,phases    ] GC(0)   Post Evacuate Collection Set: 0.5ms
[2022-11-06T10:07:58.332+0100][gc,phases    ] GC(0)   Other: 1.2ms
[2022-11-06T10:07:58.332+0100][gc,heap      ] GC(0) Eden regions: 42->0(44)
[2022-11-06T10:07:58.332+0100][gc,heap      ] GC(0) Survivor regions: 0->7(7)
[2022-11-06T10:07:58.332+0100][gc,heap      ] GC(0) Old regions: 0->0
[2022-11-06T10:07:58.332+0100][gc,heap      ] GC(0) Humongous regions: 0->0
[2022-11-06T10:07:58.332+0100][gc,metaspace ] GC(0) Metaspace: 20685K->20685K(1069056K)
[2022-11-06T10:07:58.332+0100][gc           ] GC(0) Pause Young (Concurrent Start) (Metadata GC Threshold) 42M->6M(1024M) 8.986ms
[2022-11-06T10:07:58.332+0100][gc,cpu       ] GC(0) User=0.02s Sys=0.00s Real=0.01s
[2022-11-06T10:07:58.332+0100][gc           ] GC(1) Concurrent Cycle
[2022-11-06T10:07:58.332+0100][gc,marking   ] GC(1) Concurrent Clear Claimed Marks
[2022-11-06T10:07:58.332+0100][gc,marking   ] GC(1) Concurrent Clear Claimed Marks 0.017ms
[2022-11-06T10:07:58.332+0100][gc,marking   ] GC(1) Concurrent Scan Root Regions
[2022-11-06T10:07:58.333+0100][gc,marking   ] GC(1) Concurrent Scan Root Regions 1.429ms
[2022-11-06T10:07:58.334+0100][gc,marking   ] GC(1) Concurrent Mark (1.143s)
[2022-11-06T10:07:58.334+0100][gc,marking   ] GC(1) Concurrent Mark From Roots
[2022-11-06T10:07:58.334+0100][gc,task      ] GC(1) Using 2 workers of 2 for marking
[2022-11-06T10:07:58.334+0100][gc,marking   ] GC(1) Concurrent Mark From Roots 0.186ms
[2022-11-06T10:07:58.334+0100][gc,marking   ] GC(1) Concurrent Preclean
[2022-11-06T10:07:58.334+0100][gc,marking   ] GC(1) Concurrent Preclean 0.029ms
[2022-11-06T10:07:58.334+0100][gc,marking   ] GC(1) Concurrent Mark (1.143s, 1.143s) 0.319ms
[2022-11-06T10:07:58.334+0100][gc,start     ] GC(1) Pause Remark
[2022-11-06T10:07:58.336+0100][gc,stringtable] GC(1) Cleaned string and symbol table, strings: 7223 processed, 0 removed, symbols: 63568 processed, 40 removed
[2022-11-06T10:07:58.336+0100][gc            ] GC(1) Pause Remark 7M->7M(1024M) 2.347ms
[2022-11-06T10:07:58.336+0100][gc,cpu        ] GC(1) User=0.00s Sys=0.00s Real=0.00s
[2022-11-06T10:07:58.337+0100][gc,marking    ] GC(1) Concurrent Rebuild Remembered Sets
[2022-11-06T10:07:58.337+0100][gc,marking    ] GC(1) Concurrent Rebuild Remembered Sets 0.058ms
[2022-11-06T10:07:58.337+0100][gc,start      ] GC(1) Pause Cleanup
[2022-11-06T10:07:58.338+0100][gc            ] GC(1) Pause Cleanup 7M->7M(1024M) 0.197ms
[2022-11-06T10:07:58.338+0100][gc,cpu        ] GC(1) User=0.00s Sys=0.00s Real=0.00s
[2022-11-06T10:07:58.338+0100][gc,marking    ] GC(1) Concurrent Cleanup for Next Mark
[2022-11-06T10:07:58.343+0100][gc,marking    ] GC(1) Concurrent Cleanup for Next Mark 4.992ms
[2022-11-06T10:07:58.343+0100][gc            ] GC(1) Concurrent Cycle 10.922ms
[2022-11-06T10:07:59.634+0100][gc,start      ] GC(2) Pause Young (Normal) (G1 Evacuation Pause)
[2022-11-06T10:07:59.634+0100][gc,task       ] GC(2) Using 8 workers of 8 for evacuation
[2022-11-06T10:07:59.641+0100][gc,phases     ] GC(2)   Pre Evacuate Collection Set: 0.0ms
[2022-11-06T10:07:59.641+0100][gc,phases     ] GC(2)   Evacuate Collection Set: 6.1ms
[2022-11-06T10:07:59.641+0100][gc,phases     ] GC(2)   Post Evacuate Collection Set: 0.4ms
[2022-11-06T10:07:59.641+0100][gc,phases     ] GC(2)   Other: 0.1ms
[2022-11-06T10:07:59.641+0100][gc,heap       ] GC(2) Eden regions: 44->0(49)
[2022-11-06T10:07:59.641+0100][gc,heap       ] GC(2) Survivor regions: 7->2(7)
[2022-11-06T10:07:59.641+0100][gc,heap       ] GC(2) Old regions: 0->7
[2022-11-06T10:07:59.641+0100][gc,heap       ] GC(2) Humongous regions: 129->129
[2022-11-06T10:07:59.641+0100][gc,metaspace  ] GC(2) Metaspace: 30338K->30338K(1077248K)
[2022-11-06T10:07:59.641+0100][gc            ] GC(2) Pause Young (Normal) (G1 Evacuation Pause) 179M->137M(1024M) 6.844ms
[2022-11-06T10:07:59.641+0100][gc,cpu        ] GC(2) User=0.03s Sys=0.01s Real=0.01s
[2022-11-06T10:07:59.905+0100][gc,start      ] GC(3) Pause Young (Concurrent Start) (Metadata GC Threshold)
[2022-11-06T10:07:59.905+0100][gc,task       ] GC(3) Using 8 workers of 8 for evacuation
[2022-11-06T10:07:59.907+0100][gc,phases     ] GC(3)   Pre Evacuate Collection Set: 0.0ms
[2022-11-06T10:07:59.907+0100][gc,phases     ] GC(3)   Evacuate Collection Set: 1.3ms
[2022-11-06T10:07:59.907+0100][gc,phases     ] GC(3)   Post Evacuate Collection Set: 0.2ms
[2022-11-06T10:07:59.907+0100][gc,phases     ] GC(3)   Other: 0.2ms
[2022-11-06T10:07:59.907+0100][gc,heap       ] GC(3) Eden regions: 20->0(48)
[2022-11-06T10:07:59.907+0100][gc,heap       ] GC(3) Survivor regions: 2->3(7)
[2022-11-06T10:07:59.907+0100][gc,heap       ] GC(3) Old regions: 7->7
[2022-11-06T10:07:59.907+0100][gc,heap       ] GC(3) Humongous regions: 129->129
[2022-11-06T10:07:59.907+0100][gc,metaspace  ] GC(3) Metaspace: 34577K->34577K(1081344K)
[2022-11-06T10:07:59.907+0100][gc            ] GC(3) Pause Young (Concurrent Start) (Metadata GC Threshold) 157M->138M(1024M) 1.719ms
[2022-11-06T10:07:59.907+0100][gc,cpu        ] GC(3) User=0.00s Sys=0.00s Real=0.00s
[2022-11-06T10:07:59.907+0100][gc            ] GC(4) Concurrent Cycle
[2022-11-06T10:07:59.907+0100][gc,marking    ] GC(4) Concurrent Clear Claimed Marks
[2022-11-06T10:07:59.907+0100][gc,marking    ] GC(4) Concurrent Clear Claimed Marks 0.056ms
[2022-11-06T10:07:59.907+0100][gc,marking    ] GC(4) Concurrent Scan Root Regions
[2022-11-06T10:07:59.908+0100][gc,marking    ] GC(4) Concurrent Scan Root Regions 0.893ms
[2022-11-06T10:07:59.908+0100][gc,marking    ] GC(4) Concurrent Mark (2.717s)
[2022-11-06T10:07:59.908+0100][gc,marking    ] GC(4) Concurrent Mark From Roots
[2022-11-06T10:07:59.908+0100][gc,task       ] GC(4) Using 2 workers of 2 for marking
[2022-11-06T10:07:59.912+0100][gc,marking    ] GC(4) Concurrent Mark From Roots 3.999ms
[2022-11-06T10:07:59.912+0100][gc,marking    ] GC(4) Concurrent Preclean
[2022-11-06T10:07:59.912+0100][gc,marking    ] GC(4) Concurrent Preclean 0.064ms
[2022-11-06T10:07:59.912+0100][gc,marking    ] GC(4) Concurrent Mark (2.717s, 2.721s) 4.119ms
[2022-11-06T10:07:59.912+0100][gc,start      ] GC(4) Pause Remark
[2022-11-06T10:07:59.913+0100][gc,stringtable] GC(4) Cleaned string and symbol table, strings: 10631 processed, 10 removed, symbols: 95154 processed, 33 removed
[2022-11-06T10:07:59.913+0100][gc            ] GC(4) Pause Remark 139M->139M(1024M) 1.392ms
[2022-11-06T10:07:59.913+0100][gc,cpu        ] GC(4) User=0.01s Sys=0.00s Real=0.00s
[2022-11-06T10:07:59.913+0100][gc,marking    ] GC(4) Concurrent Rebuild Remembered Sets
[2022-11-06T10:07:59.916+0100][gc,marking    ] GC(4) Concurrent Rebuild Remembered Sets 2.366ms
[2022-11-06T10:07:59.916+0100][gc,start      ] GC(4) Pause Cleanup
[2022-11-06T10:07:59.916+0100][gc            ] GC(4) Pause Cleanup 139M->139M(1024M) 0.079ms
[2022-11-06T10:07:59.916+0100][gc,cpu        ] GC(4) User=0.00s Sys=0.00s Real=0.00s
[2022-11-06T10:07:59.916+0100][gc,marking    ] GC(4) Concurrent Cleanup for Next Mark
[2022-11-06T10:07:59.921+0100][gc,marking    ] GC(4) Concurrent Cleanup for Next Mark 4.742ms
[2022-11-06T10:07:59.921+0100][gc            ] GC(4) Concurrent Cycle 14.121ms
[2022-11-06T10:08:00.606+0100][gc,start      ] GC(5) Pause Young (Normal) (G1 Evacuation Pause)
[2022-11-06T10:08:00.606+0100][gc,task       ] GC(5) Using 8 workers of 8 for evacuation
[2022-11-06T10:08:00.613+0100][gc,phases     ] GC(5)   Pre Evacuate Collection Set: 0.0ms
[2022-11-06T10:08:00.613+0100][gc,phases     ] GC(5)   Evacuate Collection Set: 6.6ms
[2022-11-06T10:08:00.613+0100][gc,phases     ] GC(5)   Post Evacuate Collection Set: 0.3ms
[2022-11-06T10:08:00.613+0100][gc,phases     ] GC(5)   Other: 0.2ms
[2022-11-06T10:08:00.613+0100][gc,heap       ] GC(5) Eden regions: 48->0(44)
[2022-11-06T10:08:00.613+0100][gc,heap       ] GC(5) Survivor regions: 3->7(7)
[2022-11-06T10:08:00.613+0100][gc,heap       ] GC(5) Old regions: 7->7
[2022-11-06T10:08:00.613+0100][gc,heap       ] GC(5) Humongous regions: 129->129
[2022-11-06T10:08:00.613+0100][gc,metaspace  ] GC(5) Metaspace: 42981K->42981K(1087488K)
[2022-11-06T10:08:00.613+0100][gc            ] GC(5) Pause Young (Normal) (G1 Evacuation Pause) 186M->141M(1024M) 7.210ms
[2022-11-06T10:08:00.613+0100][gc,cpu        ] GC(5) User=0.04s Sys=0.01s Real=0.01s
[2022-11-06T10:37:34.967+0100][gc,heap,exit  ] Heap
[2022-11-06T10:37:34.967+0100][gc,heap,exit  ]  garbage-first heap   total 1048576K, used 171618K [0x00000007c0000000, 0x0000000800000000)
[2022-11-06T10:37:34.967+0100][gc,heap,exit  ]   region size 1024K, 34 young (34816K), 7 survivors (7168K)
[2022-11-06T10:37:34.967+0100][gc,heap,exit  ]  Metaspace       used 45346K, capacity 46959K, committed 47020K, reserved 1089536K
[2022-11-06T10:37:34.967+0100][gc,heap,exit  ]   class space    used 5603K, capacity 6377K, committed 6400K, reserved 1048576K
