[2022-11-19T09:58:31.724+0100][gc,init] CardTable entry size: 512
[2022-11-19T09:58:31.725+0100][gc     ] Using G1
[2022-11-19T09:58:31.731+0100][gc,init] Version: 19.0.1+10-21 (release)
[2022-11-19T09:58:31.731+0100][gc,init] CPUs: 8 total, 8 available
[2022-11-19T09:58:31.731+0100][gc,init] Memory: 16384M
[2022-11-19T09:58:31.731+0100][gc,init] Large Page Support: Disabled
[2022-11-19T09:58:31.731+0100][gc,init] NUMA Support: Disabled
[2022-11-19T09:58:31.731+0100][gc,init] Compressed Oops: Enabled (Zero based)
[2022-11-19T09:58:31.731+0100][gc,init] Heap Region Size: 1M
[2022-11-19T09:58:31.731+0100][gc,init] Heap Min Capacity: 1G
[2022-11-19T09:58:31.731+0100][gc,init] Heap Initial Capacity: 1G
[2022-11-19T09:58:31.731+0100][gc,init] Heap Max Capacity: 1G
[2022-11-19T09:58:31.731+0100][gc,init] Pre-touch: Disabled
[2022-11-19T09:58:31.731+0100][gc,init] Parallel Workers: 8
[2022-11-19T09:58:31.731+0100][gc,init] Concurrent Workers: 2
[2022-11-19T09:58:31.731+0100][gc,init] Concurrent Refinement Workers: 8
[2022-11-19T09:58:31.731+0100][gc,init] Periodic GC: Disabled
[2022-11-19T09:58:31.732+0100][gc,metaspace] CDS archive(s) mapped at: [0x0000000800000000-0x0000000800c44000-0x0000000800c44000), size 12861440, SharedBaseAddress: 0x0000000800000000, ArchiveRelocationMode: 0.
[2022-11-19T09:58:31.732+0100][gc,metaspace] Compressed class space mapped at: 0x0000000801000000-0x0000000841000000, reserved size: 1073741824
[2022-11-19T09:58:31.732+0100][gc,metaspace] Narrow klass base: 0x0000000800000000, Narrow klass shift: 0, Narrow klass range: 0x100000000
[2022-11-19T09:58:32.972+0100][gc,start    ] GC(0) Pause Young (Normal) (G1 Evacuation Pause)
[2022-11-19T09:58:32.972+0100][gc,task     ] GC(0) Using 8 workers of 8 for evacuation
[2022-11-19T09:58:32.977+0100][gc,phases   ] GC(0)   Pre Evacuate Collection Set: 0.1ms
[2022-11-19T09:58:32.977+0100][gc,phases   ] GC(0)   Merge Heap Roots: 0.1ms
[2022-11-19T09:58:32.977+0100][gc,phases   ] GC(0)   Evacuate Collection Set: 3.8ms
[2022-11-19T09:58:32.977+0100][gc,phases   ] GC(0)   Post Evacuate Collection Set: 0.8ms
[2022-11-19T09:58:32.977+0100][gc,phases   ] GC(0)   Other: 0.6ms
[2022-11-19T09:58:32.977+0100][gc,heap     ] GC(0) Eden regions: 51->0(44)
[2022-11-19T09:58:32.977+0100][gc,heap     ] GC(0) Survivor regions: 0->7(7)
[2022-11-19T09:58:32.977+0100][gc,heap     ] GC(0) Old regions: 0->1
[2022-11-19T09:58:32.977+0100][gc,heap     ] GC(0) Archive regions: 2->2
[2022-11-19T09:58:32.977+0100][gc,heap     ] GC(0) Humongous regions: 0->0
[2022-11-19T09:58:32.978+0100][gc,metaspace] GC(0) Metaspace: 19011K(19264K)->19011K(19264K) NonClass: 16653K(16768K)->16653K(16768K) Class: 2357K(2496K)->2357K(2496K)
[2022-11-19T09:58:32.978+0100][gc          ] GC(0) Pause Young (Normal) (G1 Evacuation Pause) 51M->8M(1024M) 5.657ms
[2022-11-19T09:58:32.978+0100][gc,cpu      ] GC(0) User=0.02s Sys=0.01s Real=0.00s
[2022-11-19T09:58:33.107+0100][gc,start    ] GC(1) Pause Young (Concurrent Start) (Metadata GC Threshold)
[2022-11-19T09:58:33.107+0100][gc,task     ] GC(1) Using 8 workers of 8 for evacuation
[2022-11-19T09:58:33.113+0100][gc,phases   ] GC(1)   Pre Evacuate Collection Set: 0.2ms
[2022-11-19T09:58:33.113+0100][gc,phases   ] GC(1)   Merge Heap Roots: 0.1ms
[2022-11-19T09:58:33.113+0100][gc,phases   ] GC(1)   Evacuate Collection Set: 5.1ms
[2022-11-19T09:58:33.113+0100][gc,phases   ] GC(1)   Post Evacuate Collection Set: 0.5ms
[2022-11-19T09:58:33.113+0100][gc,phases   ] GC(1)   Other: 0.1ms
[2022-11-19T09:58:33.113+0100][gc,heap     ] GC(1) Eden regions: 9->0(49)
[2022-11-19T09:58:33.113+0100][gc,heap     ] GC(1) Survivor regions: 7->2(7)
[2022-11-19T09:58:33.113+0100][gc,heap     ] GC(1) Old regions: 1->7
[2022-11-19T09:58:33.113+0100][gc,heap     ] GC(1) Archive regions: 2->2
[2022-11-19T09:58:33.113+0100][gc,heap     ] GC(1) Humongous regions: 0->0
[2022-11-19T09:58:33.113+0100][gc,metaspace] GC(1) Metaspace: 21285K(21504K)->21285K(21504K) NonClass: 18568K(18688K)->18568K(18688K) Class: 2717K(2816K)->2717K(2816K)
[2022-11-19T09:58:33.113+0100][gc          ] GC(1) Pause Young (Concurrent Start) (Metadata GC Threshold) 16M->8M(1024M) 6.283ms
[2022-11-19T09:58:33.113+0100][gc,cpu      ] GC(1) User=0.02s Sys=0.01s Real=0.01s
[2022-11-19T09:58:33.113+0100][gc          ] GC(2) Concurrent Mark Cycle
[2022-11-19T09:58:33.113+0100][gc,marking  ] GC(2) Concurrent Clear Claimed Marks
[2022-11-19T09:58:33.113+0100][gc,marking  ] GC(2) Concurrent Clear Claimed Marks 0.015ms
[2022-11-19T09:58:33.113+0100][gc,marking  ] GC(2) Concurrent Scan Root Regions
[2022-11-19T09:58:33.115+0100][gc,marking  ] GC(2) Concurrent Scan Root Regions 1.684ms
[2022-11-19T09:58:33.115+0100][gc,marking  ] GC(2) Concurrent Mark
[2022-11-19T09:58:33.115+0100][gc,marking  ] GC(2) Concurrent Mark From Roots
[2022-11-19T09:58:33.115+0100][gc,task     ] GC(2) Using 2 workers of 2 for marking
[2022-11-19T09:58:33.116+0100][gc,marking  ] GC(2) Concurrent Mark From Roots 0.601ms
[2022-11-19T09:58:33.116+0100][gc,marking  ] GC(2) Concurrent Preclean
[2022-11-19T09:58:33.116+0100][gc,marking  ] GC(2) Concurrent Preclean 0.015ms
[2022-11-19T09:58:33.116+0100][gc,start    ] GC(2) Pause Remark
[2022-11-19T09:58:33.117+0100][gc          ] GC(2) Pause Remark 9M->9M(1024M) 1.524ms
[2022-11-19T09:58:33.117+0100][gc,cpu      ] GC(2) User=0.01s Sys=0.00s Real=0.00s
[2022-11-19T09:58:33.118+0100][gc,marking  ] GC(2) Concurrent Mark 2.506ms
[2022-11-19T09:58:33.118+0100][gc,marking  ] GC(2) Concurrent Rebuild Remembered Sets
[2022-11-19T09:58:33.118+0100][gc,marking  ] GC(2) Concurrent Rebuild Remembered Sets 0.007ms
[2022-11-19T09:58:33.118+0100][gc,start    ] GC(2) Pause Cleanup
[2022-11-19T09:58:33.118+0100][gc          ] GC(2) Pause Cleanup 9M->9M(1024M) 0.058ms
[2022-11-19T09:58:33.118+0100][gc,cpu      ] GC(2) User=0.00s Sys=0.00s Real=0.00s
[2022-11-19T09:58:33.118+0100][gc,marking  ] GC(2) Concurrent Cleanup for Next Mark
[2022-11-19T09:58:33.123+0100][gc,marking  ] GC(2) Concurrent Cleanup for Next Mark 5.430ms
[2022-11-19T09:58:33.123+0100][gc          ] GC(2) Concurrent Mark Cycle 10.113ms
[2022-11-19T09:58:33.889+0100][gc,start    ] GC(3) Pause Young (Normal) (G1 Evacuation Pause)
[2022-11-19T09:58:33.889+0100][gc,task     ] GC(3) Using 8 workers of 8 for evacuation
[2022-11-19T09:58:33.893+0100][gc,phases   ] GC(3)   Pre Evacuate Collection Set: 0.1ms
[2022-11-19T09:58:33.893+0100][gc,phases   ] GC(3)   Merge Heap Roots: 0.1ms
[2022-11-19T09:58:33.893+0100][gc,phases   ] GC(3)   Evacuate Collection Set: 3.2ms
[2022-11-19T09:58:33.893+0100][gc,phases   ] GC(3)   Post Evacuate Collection Set: 0.4ms
[2022-11-19T09:58:33.893+0100][gc,phases   ] GC(3)   Other: 0.1ms
[2022-11-19T09:58:33.893+0100][gc,heap     ] GC(3) Eden regions: 49->0(45)
[2022-11-19T09:58:33.893+0100][gc,heap     ] GC(3) Survivor regions: 2->6(7)
[2022-11-19T09:58:33.893+0100][gc,heap     ] GC(3) Old regions: 7->7
[2022-11-19T09:58:33.893+0100][gc,heap     ] GC(3) Archive regions: 2->2
[2022-11-19T09:58:33.893+0100][gc,heap     ] GC(3) Humongous regions: 129->129
[2022-11-19T09:58:33.893+0100][gc,metaspace] GC(3) Metaspace: 33595K(33984K)->33595K(33984K) NonClass: 29617K(29824K)->29617K(29824K) Class: 3978K(4160K)->3978K(4160K)
[2022-11-19T09:58:33.893+0100][gc          ] GC(3) Pause Young (Normal) (G1 Evacuation Pause) 186M->142M(1024M) 4.101ms
[2022-11-19T09:58:33.893+0100][gc,cpu      ] GC(3) User=0.02s Sys=0.00s Real=0.01s
[2022-11-19T09:58:33.985+0100][gc,start    ] GC(4) Pause Young (Concurrent Start) (Metadata GC Threshold)
[2022-11-19T09:58:33.985+0100][gc,task     ] GC(4) Using 8 workers of 8 for evacuation
[2022-11-19T09:58:33.990+0100][gc,phases   ] GC(4)   Pre Evacuate Collection Set: 0.2ms
[2022-11-19T09:58:33.990+0100][gc,phases   ] GC(4)   Merge Heap Roots: 0.0ms
[2022-11-19T09:58:33.990+0100][gc,phases   ] GC(4)   Evacuate Collection Set: 4.4ms
[2022-11-19T09:58:33.990+0100][gc,phases   ] GC(4)   Post Evacuate Collection Set: 0.4ms
[2022-11-19T09:58:33.990+0100][gc,phases   ] GC(4)   Other: 0.1ms
[2022-11-19T09:58:33.990+0100][gc,heap     ] GC(4) Eden regions: 10->0(50)
[2022-11-19T09:58:33.990+0100][gc,heap     ] GC(4) Survivor regions: 6->1(7)
[2022-11-19T09:58:33.990+0100][gc,heap     ] GC(4) Old regions: 7->13
[2022-11-19T09:58:33.990+0100][gc,heap     ] GC(4) Archive regions: 2->2
[2022-11-19T09:58:33.990+0100][gc,heap     ] GC(4) Humongous regions: 129->129
[2022-11-19T09:58:33.990+0100][gc,metaspace] GC(4) Metaspace: 35730K(36096K)->35730K(36096K) NonClass: 31500K(31680K)->31500K(31680K) Class: 4229K(4416K)->4229K(4416K)
[2022-11-19T09:58:33.990+0100][gc          ] GC(4) Pause Young (Concurrent Start) (Metadata GC Threshold) 151M->143M(1024M) 5.361ms
[2022-11-19T09:58:33.990+0100][gc          ] GC(5) Concurrent Mark Cycle
[2022-11-19T09:58:33.990+0100][gc,cpu      ] GC(4) User=0.03s Sys=0.00s Real=0.01s
[2022-11-19T09:58:33.990+0100][gc,marking  ] GC(5) Concurrent Clear Claimed Marks
[2022-11-19T09:58:33.990+0100][gc,marking  ] GC(5) Concurrent Clear Claimed Marks 0.065ms
[2022-11-19T09:58:33.990+0100][gc,marking  ] GC(5) Concurrent Scan Root Regions
[2022-11-19T09:58:33.993+0100][gc,marking  ] GC(5) Concurrent Scan Root Regions 2.463ms
[2022-11-19T09:58:33.993+0100][gc,marking  ] GC(5) Concurrent Mark
[2022-11-19T09:58:33.993+0100][gc,marking  ] GC(5) Concurrent Mark From Roots
[2022-11-19T09:58:33.993+0100][gc,task     ] GC(5) Using 2 workers of 2 for marking
[2022-11-19T09:58:33.998+0100][gc,marking  ] GC(5) Concurrent Mark From Roots 5.492ms
[2022-11-19T09:58:33.998+0100][gc,marking  ] GC(5) Concurrent Preclean
[2022-11-19T09:58:33.998+0100][gc,marking  ] GC(5) Concurrent Preclean 0.085ms
[2022-11-19T09:58:33.999+0100][gc,start    ] GC(5) Pause Remark
[2022-11-19T09:58:34.000+0100][gc          ] GC(5) Pause Remark 144M->144M(1024M) 1.226ms
[2022-11-19T09:58:34.000+0100][gc,cpu      ] GC(5) User=0.00s Sys=0.00s Real=0.01s
[2022-11-19T09:58:34.000+0100][gc,marking  ] GC(5) Concurrent Mark 7.553ms
[2022-11-19T09:58:34.000+0100][gc,marking  ] GC(5) Concurrent Rebuild Remembered Sets
[2022-11-19T09:58:34.005+0100][gc,marking  ] GC(5) Concurrent Rebuild Remembered Sets 5.035ms
[2022-11-19T09:58:34.005+0100][gc,start    ] GC(5) Pause Cleanup
[2022-11-19T09:58:34.006+0100][gc          ] GC(5) Pause Cleanup 145M->145M(1024M) 0.162ms
[2022-11-19T09:58:34.006+0100][gc,cpu      ] GC(5) User=0.00s Sys=0.00s Real=0.00s
[2022-11-19T09:58:34.006+0100][gc,marking  ] GC(5) Concurrent Cleanup for Next Mark
[2022-11-19T09:58:34.012+0100][gc,marking  ] GC(5) Concurrent Cleanup for Next Mark 6.336ms
[2022-11-19T09:58:34.012+0100][gc          ] GC(5) Concurrent Mark Cycle 22.295ms
[2022-11-19T10:03:41.725+0100][gc,start    ] GC(6) Pause Young (Normal) (G1 Evacuation Pause)
[2022-11-19T10:03:41.726+0100][gc,task     ] GC(6) Using 8 workers of 8 for evacuation
[2022-11-19T10:03:41.730+0100][gc,phases   ] GC(6)   Pre Evacuate Collection Set: 0.1ms
[2022-11-19T10:03:41.730+0100][gc,phases   ] GC(6)   Merge Heap Roots: 0.1ms
[2022-11-19T10:03:41.730+0100][gc,phases   ] GC(6)   Evacuate Collection Set: 2.8ms
[2022-11-19T10:03:41.730+0100][gc,phases   ] GC(6)   Post Evacuate Collection Set: 0.7ms
[2022-11-19T10:03:41.730+0100][gc,phases   ] GC(6)   Other: 0.1ms
[2022-11-19T10:03:41.730+0100][gc,heap     ] GC(6) Eden regions: 50->0(46)
[2022-11-19T10:03:41.730+0100][gc,heap     ] GC(6) Survivor regions: 1->5(7)
[2022-11-19T10:03:41.730+0100][gc,heap     ] GC(6) Old regions: 13->13
[2022-11-19T10:03:41.730+0100][gc,heap     ] GC(6) Archive regions: 2->2
[2022-11-19T10:03:41.730+0100][gc,heap     ] GC(6) Humongous regions: 129->129
[2022-11-19T10:03:41.730+0100][gc,metaspace] GC(6) Metaspace: 41579K(42176K)->41579K(42176K) NonClass: 36506K(36864K)->36506K(36864K) Class: 5073K(5312K)->5073K(5312K)
[2022-11-19T10:03:41.730+0100][gc          ] GC(6) Pause Young (Normal) (G1 Evacuation Pause) 193M->146M(1024M) 4.756ms
[2022-11-19T10:03:41.730+0100][gc,cpu      ] GC(6) User=0.02s Sys=0.00s Real=0.01s
[2022-11-19T10:17:48.538+0100][gc,start    ] GC(7) Pause Young (Normal) (G1 Evacuation Pause)
[2022-11-19T10:17:48.538+0100][gc,task     ] GC(7) Using 8 workers of 8 for evacuation
[2022-11-19T10:17:48.541+0100][gc,phases   ] GC(7)   Pre Evacuate Collection Set: 0.1ms
[2022-11-19T10:17:48.541+0100][gc,phases   ] GC(7)   Merge Heap Roots: 0.1ms
[2022-11-19T10:17:48.541+0100][gc,phases   ] GC(7)   Evacuate Collection Set: 2.7ms
[2022-11-19T10:17:48.541+0100][gc,phases   ] GC(7)   Post Evacuate Collection Set: 0.3ms
[2022-11-19T10:17:48.541+0100][gc,phases   ] GC(7)   Other: 0.1ms
[2022-11-19T10:17:48.541+0100][gc,heap     ] GC(7) Eden regions: 46->0(49)
[2022-11-19T10:17:48.541+0100][gc,heap     ] GC(7) Survivor regions: 5->2(7)
[2022-11-19T10:17:48.541+0100][gc,heap     ] GC(7) Old regions: 13->16
[2022-11-19T10:17:48.541+0100][gc,heap     ] GC(7) Archive regions: 2->2
[2022-11-19T10:17:48.541+0100][gc,heap     ] GC(7) Humongous regions: 129->129
[2022-11-19T10:17:48.541+0100][gc,metaspace] GC(7) Metaspace: 41959K(42560K)->41959K(42560K) NonClass: 36863K(37184K)->36863K(37184K) Class: 5095K(5376K)->5095K(5376K)
[2022-11-19T10:17:48.541+0100][gc          ] GC(7) Pause Young (Normal) (G1 Evacuation Pause) 192M->147M(1024M) 3.585ms
[2022-11-19T10:17:48.541+0100][gc,cpu      ] GC(7) User=0.02s Sys=0.00s Real=0.01s
