[2022-11-17T17:07:45.126+0100][gc,init] CardTable entry size: 512
[2022-11-17T17:07:45.126+0100][gc     ] Using G1
[2022-11-17T17:07:45.132+0100][gc,init] Version: 19.0.1+10-21 (release)
[2022-11-17T17:07:45.132+0100][gc,init] CPUs: 8 total, 8 available
[2022-11-17T17:07:45.132+0100][gc,init] Memory: 16384M
[2022-11-17T17:07:45.132+0100][gc,init] Large Page Support: Disabled
[2022-11-17T17:07:45.132+0100][gc,init] NUMA Support: Disabled
[2022-11-17T17:07:45.132+0100][gc,init] Compressed Oops: Enabled (Zero based)
[2022-11-17T17:07:45.132+0100][gc,init] Heap Region Size: 1M
[2022-11-17T17:07:45.132+0100][gc,init] Heap Min Capacity: 1G
[2022-11-17T17:07:45.132+0100][gc,init] Heap Initial Capacity: 1G
[2022-11-17T17:07:45.132+0100][gc,init] Heap Max Capacity: 1G
[2022-11-17T17:07:45.132+0100][gc,init] Pre-touch: Disabled
[2022-11-17T17:07:45.132+0100][gc,init] Parallel Workers: 8
[2022-11-17T17:07:45.132+0100][gc,init] Concurrent Workers: 2
[2022-11-17T17:07:45.132+0100][gc,init] Concurrent Refinement Workers: 8
[2022-11-17T17:07:45.132+0100][gc,init] Periodic GC: Disabled
[2022-11-17T17:07:45.132+0100][gc,metaspace] CDS archive(s) mapped at: [0x0000000800000000-0x0000000800c44000-0x0000000800c44000), size 12861440, SharedBaseAddress: 0x0000000800000000, ArchiveRelocationMode: 0.
[2022-11-17T17:07:45.132+0100][gc,metaspace] Compressed class space mapped at: 0x0000000801000000-0x0000000841000000, reserved size: 1073741824
[2022-11-17T17:07:45.132+0100][gc,metaspace] Narrow klass base: 0x0000000800000000, Narrow klass shift: 0, Narrow klass range: 0x100000000
[2022-11-17T17:07:46.662+0100][gc,start    ] GC(0) Pause Young (Normal) (G1 Evacuation Pause)
[2022-11-17T17:07:46.663+0100][gc,task     ] GC(0) Using 8 workers of 8 for evacuation
[2022-11-17T17:07:46.668+0100][gc,phases   ] GC(0)   Pre Evacuate Collection Set: 0.1ms
[2022-11-17T17:07:46.668+0100][gc,phases   ] GC(0)   Merge Heap Roots: 0.1ms
[2022-11-17T17:07:46.668+0100][gc,phases   ] GC(0)   Evacuate Collection Set: 4.5ms
[2022-11-17T17:07:46.668+0100][gc,phases   ] GC(0)   Post Evacuate Collection Set: 0.6ms
[2022-11-17T17:07:46.668+0100][gc,phases   ] GC(0)   Other: 0.5ms
[2022-11-17T17:07:46.668+0100][gc,heap     ] GC(0) Eden regions: 51->0(44)
[2022-11-17T17:07:46.668+0100][gc,heap     ] GC(0) Survivor regions: 0->7(7)
[2022-11-17T17:07:46.668+0100][gc,heap     ] GC(0) Old regions: 0->0
[2022-11-17T17:07:46.668+0100][gc,heap     ] GC(0) Archive regions: 2->2
[2022-11-17T17:07:46.668+0100][gc,heap     ] GC(0) Humongous regions: 0->0
[2022-11-17T17:07:46.668+0100][gc,metaspace] GC(0) Metaspace: 19006K(19264K)->19006K(19264K) NonClass: 16648K(16768K)->16648K(16768K) Class: 2358K(2496K)->2358K(2496K)
[2022-11-17T17:07:46.668+0100][gc          ] GC(0) Pause Young (Normal) (G1 Evacuation Pause) 51M->7M(1024M) 6.075ms
[2022-11-17T17:07:46.668+0100][gc,cpu      ] GC(0) User=0.02s Sys=0.01s Real=0.00s
[2022-11-17T17:07:46.856+0100][gc,start    ] GC(1) Pause Young (Concurrent Start) (Metadata GC Threshold)
[2022-11-17T17:07:46.856+0100][gc,task     ] GC(1) Using 8 workers of 8 for evacuation
[2022-11-17T17:07:46.863+0100][gc,phases   ] GC(1)   Pre Evacuate Collection Set: 0.9ms
[2022-11-17T17:07:46.863+0100][gc,phases   ] GC(1)   Merge Heap Roots: 0.1ms
[2022-11-17T17:07:46.863+0100][gc,phases   ] GC(1)   Evacuate Collection Set: 5.6ms
[2022-11-17T17:07:46.863+0100][gc,phases   ] GC(1)   Post Evacuate Collection Set: 0.5ms
[2022-11-17T17:07:46.863+0100][gc,phases   ] GC(1)   Other: 0.1ms
[2022-11-17T17:07:46.864+0100][gc,heap     ] GC(1) Eden regions: 9->0(49)
[2022-11-17T17:07:46.864+0100][gc,heap     ] GC(1) Survivor regions: 7->2(7)
[2022-11-17T17:07:46.864+0100][gc,heap     ] GC(1) Old regions: 0->8
[2022-11-17T17:07:46.864+0100][gc,heap     ] GC(1) Archive regions: 2->2
[2022-11-17T17:07:46.864+0100][gc,heap     ] GC(1) Humongous regions: 0->0
[2022-11-17T17:07:46.864+0100][gc,metaspace] GC(1) Metaspace: 21281K(21504K)->21281K(21504K) NonClass: 18564K(18688K)->18564K(18688K) Class: 2717K(2816K)->2717K(2816K)
[2022-11-17T17:07:46.864+0100][gc          ] GC(1) Pause Young (Concurrent Start) (Metadata GC Threshold) 16M->9M(1024M) 7.479ms
[2022-11-17T17:07:46.864+0100][gc,cpu      ] GC(1) User=0.02s Sys=0.01s Real=0.01s
[2022-11-17T17:07:46.864+0100][gc          ] GC(2) Concurrent Mark Cycle
[2022-11-17T17:07:46.864+0100][gc,marking  ] GC(2) Concurrent Clear Claimed Marks
[2022-11-17T17:07:46.864+0100][gc,marking  ] GC(2) Concurrent Clear Claimed Marks 0.018ms
[2022-11-17T17:07:46.864+0100][gc,marking  ] GC(2) Concurrent Scan Root Regions
[2022-11-17T17:07:46.866+0100][gc,marking  ] GC(2) Concurrent Scan Root Regions 2.261ms
[2022-11-17T17:07:46.866+0100][gc,marking  ] GC(2) Concurrent Mark
[2022-11-17T17:07:46.866+0100][gc,marking  ] GC(2) Concurrent Mark From Roots
[2022-11-17T17:07:46.866+0100][gc,task     ] GC(2) Using 2 workers of 2 for marking
[2022-11-17T17:07:46.868+0100][gc,marking  ] GC(2) Concurrent Mark From Roots 2.081ms
[2022-11-17T17:07:46.868+0100][gc,marking  ] GC(2) Concurrent Preclean
[2022-11-17T17:07:46.868+0100][gc,marking  ] GC(2) Concurrent Preclean 0.039ms
[2022-11-17T17:07:46.868+0100][gc,start    ] GC(2) Pause Remark
[2022-11-17T17:07:46.870+0100][gc          ] GC(2) Pause Remark 10M->10M(1024M) 2.052ms
[2022-11-17T17:07:46.870+0100][gc,cpu      ] GC(2) User=0.00s Sys=0.00s Real=0.01s
[2022-11-17T17:07:46.871+0100][gc,marking  ] GC(2) Concurrent Mark 4.567ms
[2022-11-17T17:07:46.871+0100][gc,marking  ] GC(2) Concurrent Rebuild Remembered Sets
[2022-11-17T17:07:46.874+0100][gc,marking  ] GC(2) Concurrent Rebuild Remembered Sets 2.960ms
[2022-11-17T17:07:46.874+0100][gc,start    ] GC(2) Pause Cleanup
[2022-11-17T17:07:46.874+0100][gc          ] GC(2) Pause Cleanup 10M->10M(1024M) 0.157ms
[2022-11-17T17:07:46.874+0100][gc,cpu      ] GC(2) User=0.00s Sys=0.00s Real=0.00s
[2022-11-17T17:07:46.874+0100][gc,marking  ] GC(2) Concurrent Cleanup for Next Mark
[2022-11-17T17:07:46.880+0100][gc,marking  ] GC(2) Concurrent Cleanup for Next Mark 5.723ms
[2022-11-17T17:07:46.880+0100][gc          ] GC(2) Concurrent Mark Cycle 16.593ms
[2022-11-17T17:07:47.895+0100][gc,start    ] GC(3) Pause Young (Normal) (G1 Evacuation Pause)
[2022-11-17T17:07:47.895+0100][gc,task     ] GC(3) Using 8 workers of 8 for evacuation
[2022-11-17T17:07:47.899+0100][gc,phases   ] GC(3)   Pre Evacuate Collection Set: 0.1ms
[2022-11-17T17:07:47.899+0100][gc,phases   ] GC(3)   Merge Heap Roots: 0.1ms
[2022-11-17T17:07:47.899+0100][gc,phases   ] GC(3)   Evacuate Collection Set: 2.7ms
[2022-11-17T17:07:47.899+0100][gc,phases   ] GC(3)   Post Evacuate Collection Set: 0.7ms
[2022-11-17T17:07:47.899+0100][gc,phases   ] GC(3)   Other: 0.1ms
[2022-11-17T17:07:47.899+0100][gc,heap     ] GC(3) Eden regions: 49->0(45)
[2022-11-17T17:07:47.899+0100][gc,heap     ] GC(3) Survivor regions: 2->6(7)
[2022-11-17T17:07:47.899+0100][gc,heap     ] GC(3) Old regions: 8->8
[2022-11-17T17:07:47.899+0100][gc,heap     ] GC(3) Archive regions: 2->2
[2022-11-17T17:07:47.899+0100][gc,heap     ] GC(3) Humongous regions: 129->129
[2022-11-17T17:07:47.899+0100][gc,metaspace] GC(3) Metaspace: 33407K(33792K)->33407K(33792K) NonClass: 29455K(29632K)->29455K(29632K) Class: 3952K(4160K)->3952K(4160K)
[2022-11-17T17:07:47.899+0100][gc          ] GC(3) Pause Young (Normal) (G1 Evacuation Pause) 187M->142M(1024M) 4.109ms
[2022-11-17T17:07:47.899+0100][gc,cpu      ] GC(3) User=0.02s Sys=0.01s Real=0.00s
[2022-11-17T17:07:47.985+0100][gc,start    ] GC(4) Pause Young (Concurrent Start) (Metadata GC Threshold)
[2022-11-17T17:07:47.985+0100][gc,task     ] GC(4) Using 8 workers of 8 for evacuation
[2022-11-17T17:07:47.989+0100][gc,phases   ] GC(4)   Pre Evacuate Collection Set: 0.1ms
[2022-11-17T17:07:47.989+0100][gc,phases   ] GC(4)   Merge Heap Roots: 0.0ms
[2022-11-17T17:07:47.989+0100][gc,phases   ] GC(4)   Evacuate Collection Set: 3.8ms
[2022-11-17T17:07:47.989+0100][gc,phases   ] GC(4)   Post Evacuate Collection Set: 0.3ms
[2022-11-17T17:07:47.989+0100][gc,phases   ] GC(4)   Other: 0.1ms
[2022-11-17T17:07:47.989+0100][gc,heap     ] GC(4) Eden regions: 10->0(50)
[2022-11-17T17:07:47.989+0100][gc,heap     ] GC(4) Survivor regions: 6->1(7)
[2022-11-17T17:07:47.989+0100][gc,heap     ] GC(4) Old regions: 8->13
[2022-11-17T17:07:47.989+0100][gc,heap     ] GC(4) Archive regions: 2->2
[2022-11-17T17:07:47.989+0100][gc,heap     ] GC(4) Humongous regions: 129->129
[2022-11-17T17:07:47.989+0100][gc,metaspace] GC(4) Metaspace: 35754K(36096K)->35754K(36096K) NonClass: 31513K(31680K)->31513K(31680K) Class: 4241K(4416K)->4241K(4416K)
[2022-11-17T17:07:47.989+0100][gc          ] GC(4) Pause Young (Concurrent Start) (Metadata GC Threshold) 152M->143M(1024M) 4.606ms
[2022-11-17T17:07:47.989+0100][gc,cpu      ] GC(4) User=0.02s Sys=0.01s Real=0.00s
[2022-11-17T17:07:47.989+0100][gc          ] GC(5) Concurrent Mark Cycle
[2022-11-17T17:07:47.989+0100][gc,marking  ] GC(5) Concurrent Clear Claimed Marks
[2022-11-17T17:07:47.990+0100][gc,marking  ] GC(5) Concurrent Clear Claimed Marks 0.030ms
[2022-11-17T17:07:47.990+0100][gc,marking  ] GC(5) Concurrent Scan Root Regions
[2022-11-17T17:07:47.992+0100][gc,marking  ] GC(5) Concurrent Scan Root Regions 2.801ms
[2022-11-17T17:07:47.992+0100][gc,marking  ] GC(5) Concurrent Mark
[2022-11-17T17:07:47.992+0100][gc,marking  ] GC(5) Concurrent Mark From Roots
[2022-11-17T17:07:47.992+0100][gc,task     ] GC(5) Using 2 workers of 2 for marking
[2022-11-17T17:07:47.999+0100][gc,marking  ] GC(5) Concurrent Mark From Roots 6.396ms
[2022-11-17T17:07:47.999+0100][gc,marking  ] GC(5) Concurrent Preclean
[2022-11-17T17:07:47.999+0100][gc,marking  ] GC(5) Concurrent Preclean 0.082ms
[2022-11-17T17:07:47.999+0100][gc,start    ] GC(5) Pause Remark
[2022-11-17T17:07:48.000+0100][gc          ] GC(5) Pause Remark 145M->145M(1024M) 0.881ms
[2022-11-17T17:07:48.000+0100][gc,cpu      ] GC(5) User=0.01s Sys=0.00s Real=0.01s
[2022-11-17T17:07:48.000+0100][gc,marking  ] GC(5) Concurrent Mark 7.787ms
[2022-11-17T17:07:48.000+0100][gc,marking  ] GC(5) Concurrent Rebuild Remembered Sets
[2022-11-17T17:07:48.005+0100][gc,marking  ] GC(5) Concurrent Rebuild Remembered Sets 4.992ms
[2022-11-17T17:07:48.005+0100][gc,start    ] GC(5) Pause Cleanup
[2022-11-17T17:07:48.005+0100][gc          ] GC(5) Pause Cleanup 146M->146M(1024M) 0.100ms
[2022-11-17T17:07:48.006+0100][gc,cpu      ] GC(5) User=0.00s Sys=0.00s Real=0.00s
[2022-11-17T17:07:48.006+0100][gc,marking  ] GC(5) Concurrent Cleanup for Next Mark
[2022-11-17T17:07:48.012+0100][gc,marking  ] GC(5) Concurrent Cleanup for Next Mark 6.447ms
[2022-11-17T17:07:48.012+0100][gc          ] GC(5) Concurrent Mark Cycle 22.610ms
[2022-11-17T17:50:50.109+0100][gc,start    ] GC(6) Pause Young (Prepare Mixed) (G1 Evacuation Pause)
[2022-11-17T17:50:50.109+0100][gc,task     ] GC(6) Using 8 workers of 8 for evacuation
[2022-11-17T17:50:50.123+0100][gc,phases   ] GC(6)   Pre Evacuate Collection Set: 1.5ms
[2022-11-17T17:50:50.123+0100][gc,phases   ] GC(6)   Merge Heap Roots: 0.3ms
[2022-11-17T17:50:50.123+0100][gc,phases   ] GC(6)   Evacuate Collection Set: 10.5ms
[2022-11-17T17:50:50.123+0100][gc,phases   ] GC(6)   Post Evacuate Collection Set: 0.6ms
[2022-11-17T17:50:50.123+0100][gc,phases   ] GC(6)   Other: 0.3ms
[2022-11-17T17:50:50.123+0100][gc,heap     ] GC(6) Eden regions: 50->0(49)
[2022-11-17T17:50:50.123+0100][gc,heap     ] GC(6) Survivor regions: 1->2(7)
[2022-11-17T17:50:50.123+0100][gc,heap     ] GC(6) Old regions: 13->13
[2022-11-17T17:50:50.123+0100][gc,heap     ] GC(6) Archive regions: 2->2
[2022-11-17T17:50:50.123+0100][gc,heap     ] GC(6) Humongous regions: 129->129
[2022-11-17T17:50:50.123+0100][gc,metaspace] GC(6) Metaspace: 39234K(39744K)->39234K(39744K) NonClass: 34455K(34752K)->34455K(34752K) Class: 4779K(4992K)->4779K(4992K)
[2022-11-17T17:50:50.123+0100][gc          ] GC(6) Pause Young (Prepare Mixed) (G1 Evacuation Pause) 193M->144M(1024M) 13.876ms
[2022-11-17T17:50:50.123+0100][gc,cpu      ] GC(6) User=0.02s Sys=0.04s Real=0.02s
[2022-11-17T17:51:56.442+0100][gc,start    ] GC(7) Pause Young (Mixed) (G1 Evacuation Pause)
[2022-11-17T17:51:56.442+0100][gc,task     ] GC(7) Using 8 workers of 8 for evacuation
[2022-11-17T17:51:56.448+0100][gc,phases   ] GC(7)   Pre Evacuate Collection Set: 0.4ms
[2022-11-17T17:51:56.448+0100][gc,phases   ] GC(7)   Merge Heap Roots: 0.2ms
[2022-11-17T17:51:56.448+0100][gc,phases   ] GC(7)   Evacuate Collection Set: 4.5ms
[2022-11-17T17:51:56.448+0100][gc,phases   ] GC(7)   Post Evacuate Collection Set: 0.8ms
[2022-11-17T17:51:56.448+0100][gc,phases   ] GC(7)   Other: 0.2ms
[2022-11-17T17:51:56.448+0100][gc,heap     ] GC(7) Eden regions: 49->0(49)
[2022-11-17T17:51:56.448+0100][gc,heap     ] GC(7) Survivor regions: 2->2(7)
[2022-11-17T17:51:56.448+0100][gc,heap     ] GC(7) Old regions: 13->13
[2022-11-17T17:51:56.448+0100][gc,heap     ] GC(7) Archive regions: 2->2
[2022-11-17T17:51:56.448+0100][gc,heap     ] GC(7) Humongous regions: 129->129
[2022-11-17T17:51:56.448+0100][gc,metaspace] GC(7) Metaspace: 39328K(39808K)->39328K(39808K) NonClass: 34549K(34816K)->34549K(34816K) Class: 4779K(4992K)->4779K(4992K)
[2022-11-17T17:51:56.449+0100][gc          ] GC(7) Pause Young (Mixed) (G1 Evacuation Pause) 193M->143M(1024M) 6.696ms
[2022-11-17T17:51:56.449+0100][gc,cpu      ] GC(7) User=0.03s Sys=0.01s Real=0.00s
[2022-11-17T17:53:04.539+0100][gc,start    ] GC(8) Pause Young (Normal) (G1 Evacuation Pause)
[2022-11-17T17:53:04.541+0100][gc,task     ] GC(8) Using 8 workers of 8 for evacuation
[2022-11-17T17:53:04.546+0100][gc,phases   ] GC(8)   Pre Evacuate Collection Set: 0.3ms
[2022-11-17T17:53:04.546+0100][gc,phases   ] GC(8)   Merge Heap Roots: 0.2ms
[2022-11-17T17:53:04.546+0100][gc,phases   ] GC(8)   Evacuate Collection Set: 3.6ms
[2022-11-17T17:53:04.546+0100][gc,phases   ] GC(8)   Post Evacuate Collection Set: 0.8ms
[2022-11-17T17:53:04.546+0100][gc,phases   ] GC(8)   Other: 0.3ms
[2022-11-17T17:53:04.546+0100][gc,heap     ] GC(8) Eden regions: 49->0(49)
[2022-11-17T17:53:04.546+0100][gc,heap     ] GC(8) Survivor regions: 2->2(7)
[2022-11-17T17:53:04.546+0100][gc,heap     ] GC(8) Old regions: 13->13
[2022-11-17T17:53:04.546+0100][gc,heap     ] GC(8) Archive regions: 2->2
[2022-11-17T17:53:04.546+0100][gc,heap     ] GC(8) Humongous regions: 129->129
[2022-11-17T17:53:04.546+0100][gc,metaspace] GC(8) Metaspace: 39360K(39808K)->39360K(39808K) NonClass: 34580K(34816K)->34580K(34816K) Class: 4780K(4992K)->4780K(4992K)
[2022-11-17T17:53:04.546+0100][gc          ] GC(8) Pause Young (Normal) (G1 Evacuation Pause) 192M->143M(1024M) 7.212ms
[2022-11-17T17:53:04.546+0100][gc,cpu      ] GC(8) User=0.03s Sys=0.00s Real=0.01s
[2022-11-17T17:54:13.807+0100][gc,start    ] GC(9) Pause Young (Normal) (G1 Evacuation Pause)
[2022-11-17T17:54:13.809+0100][gc,task     ] GC(9) Using 8 workers of 8 for evacuation
[2022-11-17T17:54:13.814+0100][gc,phases   ] GC(9)   Pre Evacuate Collection Set: 0.3ms
[2022-11-17T17:54:13.814+0100][gc,phases   ] GC(9)   Merge Heap Roots: 0.2ms
[2022-11-17T17:54:13.814+0100][gc,phases   ] GC(9)   Evacuate Collection Set: 3.7ms
[2022-11-17T17:54:13.814+0100][gc,phases   ] GC(9)   Post Evacuate Collection Set: 0.7ms
[2022-11-17T17:54:13.814+0100][gc,phases   ] GC(9)   Other: 0.3ms
[2022-11-17T17:54:13.814+0100][gc,heap     ] GC(9) Eden regions: 49->0(68)
[2022-11-17T17:54:13.814+0100][gc,heap     ] GC(9) Survivor regions: 2->2(7)
[2022-11-17T17:54:13.814+0100][gc,heap     ] GC(9) Old regions: 13->13
[2022-11-17T17:54:13.814+0100][gc,heap     ] GC(9) Archive regions: 2->2
[2022-11-17T17:54:13.814+0100][gc,heap     ] GC(9) Humongous regions: 129->129
[2022-11-17T17:54:13.814+0100][gc,metaspace] GC(9) Metaspace: 39366K(39808K)->39366K(39808K) NonClass: 34586K(34816K)->34586K(34816K) Class: 4780K(4992K)->4780K(4992K)
[2022-11-17T17:54:13.814+0100][gc          ] GC(9) Pause Young (Normal) (G1 Evacuation Pause) 192M->144M(1024M) 7.165ms
[2022-11-17T17:54:13.815+0100][gc,cpu      ] GC(9) User=0.02s Sys=0.00s Real=0.01s
[2022-11-17T17:55:51.324+0100][gc,start    ] GC(10) Pause Young (Normal) (G1 Evacuation Pause)
[2022-11-17T17:55:51.324+0100][gc,task     ] GC(10) Using 8 workers of 8 for evacuation
[2022-11-17T17:55:51.330+0100][gc,phases   ] GC(10)   Pre Evacuate Collection Set: 0.5ms
[2022-11-17T17:55:51.330+0100][gc,phases   ] GC(10)   Merge Heap Roots: 0.2ms
[2022-11-17T17:55:51.330+0100][gc,phases   ] GC(10)   Evacuate Collection Set: 3.9ms
[2022-11-17T17:55:51.330+0100][gc,phases   ] GC(10)   Post Evacuate Collection Set: 0.9ms
[2022-11-17T17:55:51.330+0100][gc,phases   ] GC(10)   Other: 0.3ms
[2022-11-17T17:55:51.330+0100][gc,heap     ] GC(10) Eden regions: 68->0(576)
[2022-11-17T17:55:51.330+0100][gc,heap     ] GC(10) Survivor regions: 2->2(9)
[2022-11-17T17:55:51.330+0100][gc,heap     ] GC(10) Old regions: 13->13
[2022-11-17T17:55:51.330+0100][gc,heap     ] GC(10) Archive regions: 2->2
[2022-11-17T17:55:51.330+0100][gc,heap     ] GC(10) Humongous regions: 129->129
[2022-11-17T17:55:51.330+0100][gc,metaspace] GC(10) Metaspace: 39368K(39808K)->39368K(39808K) NonClass: 34587K(34816K)->34587K(34816K) Class: 4780K(4992K)->4780K(4992K)
[2022-11-17T17:55:51.330+0100][gc          ] GC(10) Pause Young (Normal) (G1 Evacuation Pause) 212M->143M(1024M) 6.922ms
[2022-11-17T17:55:51.331+0100][gc,cpu      ] GC(10) User=0.03s Sys=0.01s Real=0.01s
[2022-11-17T18:09:22.813+0100][gc,start    ] GC(11) Pause Young (Normal) (G1 Evacuation Pause)
[2022-11-17T18:09:22.814+0100][gc,task     ] GC(11) Using 8 workers of 8 for evacuation
[2022-11-17T18:09:22.823+0100][gc,phases   ] GC(11)   Pre Evacuate Collection Set: 1.7ms
[2022-11-17T18:09:22.823+0100][gc,phases   ] GC(11)   Merge Heap Roots: 0.3ms
[2022-11-17T18:09:22.823+0100][gc,phases   ] GC(11)   Evacuate Collection Set: 5.8ms
[2022-11-17T18:09:22.823+0100][gc,phases   ] GC(11)   Post Evacuate Collection Set: 1.4ms
[2022-11-17T18:09:22.823+0100][gc,phases   ] GC(11)   Other: 0.3ms
[2022-11-17T18:09:22.823+0100][gc,heap     ] GC(11) Eden regions: 576->0(612)
[2022-11-17T18:09:22.823+0100][gc,heap     ] GC(11) Survivor regions: 2->2(73)
[2022-11-17T18:09:22.823+0100][gc,heap     ] GC(11) Old regions: 13->13
[2022-11-17T18:09:22.823+0100][gc,heap     ] GC(11) Archive regions: 2->2
[2022-11-17T18:09:22.823+0100][gc,heap     ] GC(11) Humongous regions: 129->129
[2022-11-17T18:09:22.823+0100][gc,metaspace] GC(11) Metaspace: 39472K(39936K)->39472K(39936K) NonClass: 34686K(34944K)->34686K(34944K) Class: 4786K(4992K)->4786K(4992K)
[2022-11-17T18:09:22.823+0100][gc          ] GC(11) Pause Young (Normal) (G1 Evacuation Pause) 719M->143M(1024M) 10.781ms
[2022-11-17T18:09:22.823+0100][gc,cpu      ] GC(11) User=0.01s Sys=0.03s Real=0.01s
[2022-11-17T18:23:36.083+0100][gc,start    ] GC(12) Pause Young (Normal) (G1 Evacuation Pause)
[2022-11-17T18:23:36.083+0100][gc,task     ] GC(12) Using 8 workers of 8 for evacuation
[2022-11-17T18:23:36.088+0100][gc,phases   ] GC(12)   Pre Evacuate Collection Set: 0.3ms
[2022-11-17T18:23:36.088+0100][gc,phases   ] GC(12)   Merge Heap Roots: 0.1ms
[2022-11-17T18:23:36.088+0100][gc,phases   ] GC(12)   Evacuate Collection Set: 3.1ms
[2022-11-17T18:23:36.088+0100][gc,phases   ] GC(12)   Post Evacuate Collection Set: 1.0ms
[2022-11-17T18:23:36.088+0100][gc,phases   ] GC(12)   Other: 0.3ms
[2022-11-17T18:23:36.088+0100][gc,heap     ] GC(12) Eden regions: 612->0(612)
[2022-11-17T18:23:36.088+0100][gc,heap     ] GC(12) Survivor regions: 2->2(77)
[2022-11-17T18:23:36.088+0100][gc,heap     ] GC(12) Old regions: 13->13
[2022-11-17T18:23:36.088+0100][gc,heap     ] GC(12) Archive regions: 2->2
[2022-11-17T18:23:36.088+0100][gc,heap     ] GC(12) Humongous regions: 129->129
[2022-11-17T18:23:36.088+0100][gc,metaspace] GC(12) Metaspace: 39535K(40000K)->39535K(40000K) NonClass: 34749K(35008K)->34749K(35008K) Class: 4786K(4992K)->4786K(4992K)
[2022-11-17T18:23:36.088+0100][gc          ] GC(12) Pause Young (Normal) (G1 Evacuation Pause) 755M->144M(1024M) 5.522ms
[2022-11-17T18:23:36.088+0100][gc,cpu      ] GC(12) User=0.01s Sys=0.01s Real=0.00s
[2022-11-17T18:37:50.932+0100][gc,start    ] GC(13) Pause Young (Normal) (G1 Evacuation Pause)
[2022-11-17T18:37:50.933+0100][gc,task     ] GC(13) Using 8 workers of 8 for evacuation
[2022-11-17T18:37:50.943+0100][gc,phases   ] GC(13)   Pre Evacuate Collection Set: 1.4ms
[2022-11-17T18:37:50.943+0100][gc,phases   ] GC(13)   Merge Heap Roots: 0.2ms
[2022-11-17T18:37:50.943+0100][gc,phases   ] GC(13)   Evacuate Collection Set: 6.9ms
[2022-11-17T18:37:50.943+0100][gc,phases   ] GC(13)   Post Evacuate Collection Set: 1.0ms
[2022-11-17T18:37:50.943+0100][gc,phases   ] GC(13)   Other: 0.3ms
[2022-11-17T18:37:50.943+0100][gc,heap     ] GC(13) Eden regions: 612->0(612)
[2022-11-17T18:37:50.943+0100][gc,heap     ] GC(13) Survivor regions: 2->2(77)
[2022-11-17T18:37:50.943+0100][gc,heap     ] GC(13) Old regions: 13->13
[2022-11-17T18:37:50.943+0100][gc,heap     ] GC(13) Archive regions: 2->2
[2022-11-17T18:37:50.943+0100][gc,heap     ] GC(13) Humongous regions: 129->129
[2022-11-17T18:37:50.943+0100][gc,metaspace] GC(13) Metaspace: 39551K(40000K)->39551K(40000K) NonClass: 34765K(35008K)->34765K(35008K) Class: 4786K(4992K)->4786K(4992K)
[2022-11-17T18:37:50.943+0100][gc          ] GC(13) Pause Young (Normal) (G1 Evacuation Pause) 756M->144M(1024M) 10.858ms
[2022-11-17T18:37:50.943+0100][gc,cpu      ] GC(13) User=0.02s Sys=0.04s Real=0.01s
[2022-11-17T18:52:16.166+0100][gc,start    ] GC(14) Pause Young (Normal) (G1 Evacuation Pause)
[2022-11-17T18:52:16.166+0100][gc,task     ] GC(14) Using 8 workers of 8 for evacuation
[2022-11-17T18:52:16.169+0100][gc,phases   ] GC(14)   Pre Evacuate Collection Set: 0.3ms
[2022-11-17T18:52:16.169+0100][gc,phases   ] GC(14)   Merge Heap Roots: 0.1ms
[2022-11-17T18:52:16.169+0100][gc,phases   ] GC(14)   Evacuate Collection Set: 1.7ms
[2022-11-17T18:52:16.169+0100][gc,phases   ] GC(14)   Post Evacuate Collection Set: 0.6ms
[2022-11-17T18:52:16.169+0100][gc,phases   ] GC(14)   Other: 0.2ms
[2022-11-17T18:52:16.169+0100][gc,heap     ] GC(14) Eden regions: 612->0(612)
[2022-11-17T18:52:16.169+0100][gc,heap     ] GC(14) Survivor regions: 2->2(77)
[2022-11-17T18:52:16.169+0100][gc,heap     ] GC(14) Old regions: 13->13
[2022-11-17T18:52:16.169+0100][gc,heap     ] GC(14) Archive regions: 2->2
[2022-11-17T18:52:16.169+0100][gc,heap     ] GC(14) Humongous regions: 129->129
[2022-11-17T18:52:16.169+0100][gc,metaspace] GC(14) Metaspace: 39593K(40064K)->39593K(40064K) NonClass: 34806K(35072K)->34806K(35072K) Class: 4786K(4992K)->4786K(4992K)
[2022-11-17T18:52:16.169+0100][gc          ] GC(14) Pause Young (Normal) (G1 Evacuation Pause) 756M->144M(1024M) 3.790ms
[2022-11-17T18:52:16.169+0100][gc,cpu      ] GC(14) User=0.01s Sys=0.01s Real=0.00s
[2022-11-17T19:03:52.692+0100][gc,heap,exit] Heap
[2022-11-17T19:03:52.692+0100][gc,heap,exit]  garbage-first heap   total 1048576K, used 652299K [0x00000007c0000000, 0x0000000800000000)
[2022-11-17T19:03:52.692+0100][gc,heap,exit]   region size 1024K, 495 young (506880K), 2 survivors (2048K)
[2022-11-17T19:03:52.692+0100][gc,heap,exit]  Metaspace       used 40107K, committed 40576K, reserved 1114112K
[2022-11-17T19:03:52.692+0100][gc,heap,exit]   class space    used 4912K, committed 5120K, reserved 1048576K
