[2022-11-26T12:01:07.594+0100][gc,init] CardTable entry size: 512
[2022-11-26T12:01:07.594+0100][gc     ] Using G1
[2022-11-26T12:01:07.601+0100][gc,init] Version: 19.0.1+10-21 (release)
[2022-11-26T12:01:07.601+0100][gc,init] CPUs: 8 total, 8 available
[2022-11-26T12:01:07.601+0100][gc,init] Memory: 16384M
[2022-11-26T12:01:07.601+0100][gc,init] Large Page Support: Disabled
[2022-11-26T12:01:07.601+0100][gc,init] NUMA Support: Disabled
[2022-11-26T12:01:07.601+0100][gc,init] Compressed Oops: Enabled (Zero based)
[2022-11-26T12:01:07.601+0100][gc,init] Heap Region Size: 1M
[2022-11-26T12:01:07.601+0100][gc,init] Heap Min Capacity: 1G
[2022-11-26T12:01:07.601+0100][gc,init] Heap Initial Capacity: 1G
[2022-11-26T12:01:07.601+0100][gc,init] Heap Max Capacity: 1G
[2022-11-26T12:01:07.601+0100][gc,init] Pre-touch: Disabled
[2022-11-26T12:01:07.601+0100][gc,init] Parallel Workers: 8
[2022-11-26T12:01:07.601+0100][gc,init] Concurrent Workers: 2
[2022-11-26T12:01:07.601+0100][gc,init] Concurrent Refinement Workers: 8
[2022-11-26T12:01:07.601+0100][gc,init] Periodic GC: Disabled
[2022-11-26T12:01:07.601+0100][gc,metaspace] CDS archive(s) mapped at: [0x0000000800000000-0x0000000800c44000-0x0000000800c44000), size 12861440, SharedBaseAddress: 0x0000000800000000, ArchiveRelocationMode: 0.
[2022-11-26T12:01:07.601+0100][gc,metaspace] Compressed class space mapped at: 0x0000000801000000-0x0000000841000000, reserved size: 1073741824
[2022-11-26T12:01:07.601+0100][gc,metaspace] Narrow klass base: 0x0000000800000000, Narrow klass shift: 0, Narrow klass range: 0x100000000
[2022-11-26T12:01:09.795+0100][gc,start    ] GC(0) Pause Young (Normal) (G1 Evacuation Pause)
[2022-11-26T12:01:09.795+0100][gc,task     ] GC(0) Using 8 workers of 8 for evacuation
[2022-11-26T12:01:09.800+0100][gc,phases   ] GC(0)   Pre Evacuate Collection Set: 0.1ms
[2022-11-26T12:01:09.800+0100][gc,phases   ] GC(0)   Merge Heap Roots: 0.1ms
[2022-11-26T12:01:09.800+0100][gc,phases   ] GC(0)   Evacuate Collection Set: 3.6ms
[2022-11-26T12:01:09.800+0100][gc,phases   ] GC(0)   Post Evacuate Collection Set: 0.6ms
[2022-11-26T12:01:09.800+0100][gc,phases   ] GC(0)   Other: 0.4ms
[2022-11-26T12:01:09.800+0100][gc,heap     ] GC(0) Eden regions: 51->0(44)
[2022-11-26T12:01:09.800+0100][gc,heap     ] GC(0) Survivor regions: 0->7(7)
[2022-11-26T12:01:09.800+0100][gc,heap     ] GC(0) Old regions: 0->0
[2022-11-26T12:01:09.800+0100][gc,heap     ] GC(0) Archive regions: 2->2
[2022-11-26T12:01:09.800+0100][gc,heap     ] GC(0) Humongous regions: 0->0
[2022-11-26T12:01:09.800+0100][gc,metaspace] GC(0) Metaspace: 18925K(19136K)->18925K(19136K) NonClass: 16584K(16704K)->16584K(16704K) Class: 2341K(2432K)->2341K(2432K)
[2022-11-26T12:01:09.800+0100][gc          ] GC(0) Pause Young (Normal) (G1 Evacuation Pause) 51M->7M(1024M) 5.050ms
[2022-11-26T12:01:09.800+0100][gc,cpu      ] GC(0) User=0.02s Sys=0.00s Real=0.01s
[2022-11-26T12:01:10.104+0100][gc,start    ] GC(1) Pause Young (Concurrent Start) (Metadata GC Threshold)
[2022-11-26T12:01:10.104+0100][gc,task     ] GC(1) Using 8 workers of 8 for evacuation
[2022-11-26T12:01:10.110+0100][gc,phases   ] GC(1)   Pre Evacuate Collection Set: 0.2ms
[2022-11-26T12:01:10.110+0100][gc,phases   ] GC(1)   Merge Heap Roots: 0.0ms
[2022-11-26T12:01:10.110+0100][gc,phases   ] GC(1)   Evacuate Collection Set: 5.0ms
[2022-11-26T12:01:10.110+0100][gc,phases   ] GC(1)   Post Evacuate Collection Set: 0.4ms
[2022-11-26T12:01:10.110+0100][gc,phases   ] GC(1)   Other: 0.1ms
[2022-11-26T12:01:10.110+0100][gc,heap     ] GC(1) Eden regions: 9->0(50)
[2022-11-26T12:01:10.110+0100][gc,heap     ] GC(1) Survivor regions: 7->1(7)
[2022-11-26T12:01:10.110+0100][gc,heap     ] GC(1) Old regions: 0->7
[2022-11-26T12:01:10.110+0100][gc,heap     ] GC(1) Archive regions: 2->2
[2022-11-26T12:01:10.110+0100][gc,heap     ] GC(1) Humongous regions: 0->0
[2022-11-26T12:01:10.110+0100][gc,metaspace] GC(1) Metaspace: 21282K(21504K)->21282K(21504K) NonClass: 18572K(18688K)->18572K(18688K) Class: 2709K(2816K)->2709K(2816K)
[2022-11-26T12:01:10.110+0100][gc          ] GC(1) Pause Young (Concurrent Start) (Metadata GC Threshold) 16M->8M(1024M) 5.910ms
[2022-11-26T12:01:10.110+0100][gc,cpu      ] GC(1) User=0.02s Sys=0.01s Real=0.01s
[2022-11-26T12:01:10.110+0100][gc          ] GC(2) Concurrent Mark Cycle
[2022-11-26T12:01:10.110+0100][gc,marking  ] GC(2) Concurrent Clear Claimed Marks
[2022-11-26T12:01:10.110+0100][gc,marking  ] GC(2) Concurrent Clear Claimed Marks 0.020ms
[2022-11-26T12:01:10.110+0100][gc,marking  ] GC(2) Concurrent Scan Root Regions
[2022-11-26T12:01:10.112+0100][gc,marking  ] GC(2) Concurrent Scan Root Regions 1.979ms
[2022-11-26T12:01:10.112+0100][gc,marking  ] GC(2) Concurrent Mark
[2022-11-26T12:01:10.112+0100][gc,marking  ] GC(2) Concurrent Mark From Roots
[2022-11-26T12:01:10.112+0100][gc,task     ] GC(2) Using 2 workers of 2 for marking
[2022-11-26T12:01:10.114+0100][gc,marking  ] GC(2) Concurrent Mark From Roots 1.408ms
[2022-11-26T12:01:10.114+0100][gc,marking  ] GC(2) Concurrent Preclean
[2022-11-26T12:01:10.114+0100][gc,marking  ] GC(2) Concurrent Preclean 0.036ms
[2022-11-26T12:01:10.114+0100][gc,start    ] GC(2) Pause Remark
[2022-11-26T12:01:10.116+0100][gc          ] GC(2) Pause Remark 9M->9M(1024M) 1.635ms
[2022-11-26T12:01:10.134+0100][gc,cpu      ] GC(2) User=0.00s Sys=0.00s Real=0.02s
[2022-11-26T12:01:10.134+0100][gc,marking  ] GC(2) Concurrent Mark 21.615ms
[2022-11-26T12:01:10.134+0100][gc,marking  ] GC(2) Concurrent Rebuild Remembered Sets
[2022-11-26T12:01:10.137+0100][gc,marking  ] GC(2) Concurrent Rebuild Remembered Sets 2.675ms
[2022-11-26T12:01:10.137+0100][gc,start    ] GC(2) Pause Cleanup
[2022-11-26T12:01:10.137+0100][gc          ] GC(2) Pause Cleanup 9M->9M(1024M) 0.177ms
[2022-11-26T12:01:10.137+0100][gc,cpu      ] GC(2) User=0.00s Sys=0.00s Real=0.00s
[2022-11-26T12:01:10.137+0100][gc,marking  ] GC(2) Concurrent Cleanup for Next Mark
[2022-11-26T12:01:10.143+0100][gc,marking  ] GC(2) Concurrent Cleanup for Next Mark 6.136ms
[2022-11-26T12:01:10.143+0100][gc          ] GC(2) Concurrent Mark Cycle 33.088ms
[2022-11-26T12:01:11.358+0100][gc,start    ] GC(3) Pause Young (Normal) (G1 Evacuation Pause)
[2022-11-26T12:01:11.358+0100][gc,task     ] GC(3) Using 8 workers of 8 for evacuation
[2022-11-26T12:01:11.362+0100][gc,phases   ] GC(3)   Pre Evacuate Collection Set: 0.1ms
[2022-11-26T12:01:11.362+0100][gc,phases   ] GC(3)   Merge Heap Roots: 0.1ms
[2022-11-26T12:01:11.362+0100][gc,phases   ] GC(3)   Evacuate Collection Set: 2.8ms
[2022-11-26T12:01:11.362+0100][gc,phases   ] GC(3)   Post Evacuate Collection Set: 0.6ms
[2022-11-26T12:01:11.362+0100][gc,phases   ] GC(3)   Other: 0.1ms
[2022-11-26T12:01:11.362+0100][gc,heap     ] GC(3) Eden regions: 50->0(45)
[2022-11-26T12:01:11.362+0100][gc,heap     ] GC(3) Survivor regions: 1->6(7)
[2022-11-26T12:01:11.362+0100][gc,heap     ] GC(3) Old regions: 7->7
[2022-11-26T12:01:11.362+0100][gc,heap     ] GC(3) Archive regions: 2->2
[2022-11-26T12:01:11.362+0100][gc,heap     ] GC(3) Humongous regions: 129->129
[2022-11-26T12:01:11.362+0100][gc,metaspace] GC(3) Metaspace: 33698K(34048K)->33698K(34048K) NonClass: 29780K(29952K)->29780K(29952K) Class: 3917K(4096K)->3917K(4096K)
[2022-11-26T12:01:11.362+0100][gc          ] GC(3) Pause Young (Normal) (G1 Evacuation Pause) 187M->142M(1024M) 3.889ms
[2022-11-26T12:01:11.362+0100][gc,cpu      ] GC(3) User=0.02s Sys=0.00s Real=0.01s
[2022-11-26T12:01:20.651+0100][gc,start    ] GC(4) Pause Young (Concurrent Start) (Metadata GC Threshold)
[2022-11-26T12:01:20.651+0100][gc,task     ] GC(4) Using 8 workers of 8 for evacuation
[2022-11-26T12:01:20.658+0100][gc,phases   ] GC(4)   Pre Evacuate Collection Set: 0.2ms
[2022-11-26T12:01:20.658+0100][gc,phases   ] GC(4)   Merge Heap Roots: 0.1ms
[2022-11-26T12:01:20.658+0100][gc,phases   ] GC(4)   Evacuate Collection Set: 6.0ms
[2022-11-26T12:01:20.658+0100][gc,phases   ] GC(4)   Post Evacuate Collection Set: 0.6ms
[2022-11-26T12:01:20.658+0100][gc,phases   ] GC(4)   Other: 0.2ms
[2022-11-26T12:01:20.658+0100][gc,heap     ] GC(4) Eden regions: 10->0(50)
[2022-11-26T12:01:20.658+0100][gc,heap     ] GC(4) Survivor regions: 6->1(7)
[2022-11-26T12:01:20.658+0100][gc,heap     ] GC(4) Old regions: 7->13
[2022-11-26T12:01:20.658+0100][gc,heap     ] GC(4) Archive regions: 2->2
[2022-11-26T12:01:20.658+0100][gc,heap     ] GC(4) Humongous regions: 129->129
[2022-11-26T12:01:20.658+0100][gc,metaspace] GC(4) Metaspace: 35672K(35968K)->35672K(35968K) NonClass: 31415K(31552K)->31415K(31552K) Class: 4257K(4416K)->4257K(4416K)
[2022-11-26T12:01:20.658+0100][gc          ] GC(4) Pause Young (Concurrent Start) (Metadata GC Threshold) 152M->143M(1024M) 7.364ms
[2022-11-26T12:01:20.658+0100][gc,cpu      ] GC(4) User=0.02s Sys=0.00s Real=0.00s
[2022-11-26T12:01:20.659+0100][gc          ] GC(5) Concurrent Mark Cycle
[2022-11-26T12:01:20.659+0100][gc,marking  ] GC(5) Concurrent Clear Claimed Marks
[2022-11-26T12:01:20.659+0100][gc,marking  ] GC(5) Concurrent Clear Claimed Marks 0.026ms
[2022-11-26T12:01:20.659+0100][gc,marking  ] GC(5) Concurrent Scan Root Regions
[2022-11-26T12:01:20.662+0100][gc,marking  ] GC(5) Concurrent Scan Root Regions 3.611ms
[2022-11-26T12:01:20.662+0100][gc,marking  ] GC(5) Concurrent Mark
[2022-11-26T12:01:20.662+0100][gc,marking  ] GC(5) Concurrent Mark From Roots
[2022-11-26T12:01:20.662+0100][gc,task     ] GC(5) Using 2 workers of 2 for marking
[2022-11-26T12:01:20.667+0100][gc,marking  ] GC(5) Concurrent Mark From Roots 4.828ms
[2022-11-26T12:01:20.667+0100][gc,marking  ] GC(5) Concurrent Preclean
[2022-11-26T12:01:20.667+0100][gc,marking  ] GC(5) Concurrent Preclean 0.089ms
[2022-11-26T12:01:20.668+0100][gc,start    ] GC(5) Pause Remark
[2022-11-26T12:01:20.672+0100][gc          ] GC(5) Pause Remark 143M->143M(1024M) 3.738ms
[2022-11-26T12:01:20.672+0100][gc,cpu      ] GC(5) User=0.00s Sys=0.00s Real=0.01s
[2022-11-26T12:01:20.672+0100][gc,marking  ] GC(5) Concurrent Mark 9.624ms
[2022-11-26T12:01:20.672+0100][gc,marking  ] GC(5) Concurrent Rebuild Remembered Sets
[2022-11-26T12:01:20.677+0100][gc,marking  ] GC(5) Concurrent Rebuild Remembered Sets 5.435ms
[2022-11-26T12:01:20.678+0100][gc,start    ] GC(5) Pause Cleanup
[2022-11-26T12:01:20.678+0100][gc          ] GC(5) Pause Cleanup 143M->143M(1024M) 0.155ms
[2022-11-26T12:01:20.678+0100][gc,cpu      ] GC(5) User=0.00s Sys=0.00s Real=0.00s
[2022-11-26T12:01:20.678+0100][gc,marking  ] GC(5) Concurrent Cleanup for Next Mark
[2022-11-26T12:01:20.684+0100][gc,marking  ] GC(5) Concurrent Cleanup for Next Mark 6.402ms
[2022-11-26T12:01:20.684+0100][gc          ] GC(5) Concurrent Mark Cycle 25.717ms
[2022-11-26T12:05:34.268+0100][gc,start    ] GC(6) Pause Young (Normal) (G1 Evacuation Pause)
[2022-11-26T12:05:34.268+0100][gc,task     ] GC(6) Using 8 workers of 8 for evacuation
[2022-11-26T12:05:34.272+0100][gc,phases   ] GC(6)   Pre Evacuate Collection Set: 0.1ms
[2022-11-26T12:05:34.272+0100][gc,phases   ] GC(6)   Merge Heap Roots: 0.1ms
[2022-11-26T12:05:34.272+0100][gc,phases   ] GC(6)   Evacuate Collection Set: 2.9ms
[2022-11-26T12:05:34.272+0100][gc,phases   ] GC(6)   Post Evacuate Collection Set: 0.6ms
[2022-11-26T12:05:34.272+0100][gc,phases   ] GC(6)   Other: 0.1ms
[2022-11-26T12:05:34.272+0100][gc,heap     ] GC(6) Eden regions: 50->0(46)
[2022-11-26T12:05:34.272+0100][gc,heap     ] GC(6) Survivor regions: 1->5(7)
[2022-11-26T12:05:34.272+0100][gc,heap     ] GC(6) Old regions: 13->13
[2022-11-26T12:05:34.272+0100][gc,heap     ] GC(6) Archive regions: 2->2
[2022-11-26T12:05:34.272+0100][gc,heap     ] GC(6) Humongous regions: 129->129
[2022-11-26T12:05:34.272+0100][gc,metaspace] GC(6) Metaspace: 42026K(42560K)->42026K(42560K) NonClass: 36867K(37184K)->36867K(37184K) Class: 5159K(5376K)->5159K(5376K)
[2022-11-26T12:05:34.272+0100][gc          ] GC(6) Pause Young (Normal) (G1 Evacuation Pause) 193M->146M(1024M) 3.946ms
[2022-11-26T12:05:34.272+0100][gc,cpu      ] GC(6) User=0.02s Sys=0.00s Real=0.01s
[2022-11-26T12:06:11.612+0100][gc,start    ] GC(7) Pause Young (Normal) (G1 Evacuation Pause)
[2022-11-26T12:06:11.612+0100][gc,task     ] GC(7) Using 8 workers of 8 for evacuation
[2022-11-26T12:06:11.618+0100][gc,phases   ] GC(7)   Pre Evacuate Collection Set: 0.1ms
[2022-11-26T12:06:11.618+0100][gc,phases   ] GC(7)   Merge Heap Roots: 0.1ms
[2022-11-26T12:06:11.618+0100][gc,phases   ] GC(7)   Evacuate Collection Set: 5.2ms
[2022-11-26T12:06:11.618+0100][gc,phases   ] GC(7)   Post Evacuate Collection Set: 0.4ms
[2022-11-26T12:06:11.618+0100][gc,phases   ] GC(7)   Other: 0.1ms
[2022-11-26T12:06:11.618+0100][gc,heap     ] GC(7) Eden regions: 46->0(49)
[2022-11-26T12:06:11.618+0100][gc,heap     ] GC(7) Survivor regions: 5->2(7)
[2022-11-26T12:06:11.618+0100][gc,heap     ] GC(7) Old regions: 13->17
[2022-11-26T12:06:11.618+0100][gc,heap     ] GC(7) Archive regions: 2->2
[2022-11-26T12:06:11.618+0100][gc,heap     ] GC(7) Humongous regions: 129->129
[2022-11-26T12:06:11.618+0100][gc,metaspace] GC(7) Metaspace: 42153K(42688K)->42153K(42688K) NonClass: 36993K(37312K)->36993K(37312K) Class: 5160K(5376K)->5160K(5376K)
[2022-11-26T12:06:11.618+0100][gc          ] GC(7) Pause Young (Normal) (G1 Evacuation Pause) 192M->147M(1024M) 6.104ms
[2022-11-26T12:06:11.618+0100][gc,cpu      ] GC(7) User=0.02s Sys=0.00s Real=0.00s
[2022-11-26T12:06:59.293+0100][gc,start    ] GC(8) Pause Young (Normal) (G1 Evacuation Pause)
[2022-11-26T12:06:59.293+0100][gc,task     ] GC(8) Using 8 workers of 8 for evacuation
[2022-11-26T12:06:59.295+0100][gc,phases   ] GC(8)   Pre Evacuate Collection Set: 0.2ms
[2022-11-26T12:06:59.296+0100][gc,phases   ] GC(8)   Merge Heap Roots: 0.1ms
[2022-11-26T12:06:59.296+0100][gc,phases   ] GC(8)   Evacuate Collection Set: 2.2ms
[2022-11-26T12:06:59.296+0100][gc,phases   ] GC(8)   Post Evacuate Collection Set: 0.3ms
[2022-11-26T12:06:59.296+0100][gc,phases   ] GC(8)   Other: 0.1ms
[2022-11-26T12:06:59.296+0100][gc,heap     ] GC(8) Eden regions: 49->0(68)
[2022-11-26T12:06:59.296+0100][gc,heap     ] GC(8) Survivor regions: 2->2(7)
[2022-11-26T12:06:59.296+0100][gc,heap     ] GC(8) Old regions: 17->17
[2022-11-26T12:06:59.296+0100][gc,heap     ] GC(8) Archive regions: 2->2
[2022-11-26T12:06:59.296+0100][gc,heap     ] GC(8) Humongous regions: 129->129
[2022-11-26T12:06:59.296+0100][gc,metaspace] GC(8) Metaspace: 42318K(42880K)->42318K(42880K) NonClass: 37132K(37440K)->37132K(37440K) Class: 5185K(5440K)->5185K(5440K)
[2022-11-26T12:06:59.296+0100][gc          ] GC(8) Pause Young (Normal) (G1 Evacuation Pause) 196M->147M(1024M) 3.092ms
[2022-11-26T12:06:59.296+0100][gc,cpu      ] GC(8) User=0.01s Sys=0.00s Real=0.00s
[2022-11-26T12:08:08.552+0100][gc,start    ] GC(9) Pause Young (Normal) (G1 Evacuation Pause)
[2022-11-26T12:08:08.552+0100][gc,task     ] GC(9) Using 8 workers of 8 for evacuation
[2022-11-26T12:08:08.557+0100][gc,phases   ] GC(9)   Pre Evacuate Collection Set: 0.6ms
[2022-11-26T12:08:08.557+0100][gc,phases   ] GC(9)   Merge Heap Roots: 0.1ms
[2022-11-26T12:08:08.557+0100][gc,phases   ] GC(9)   Evacuate Collection Set: 3.3ms
[2022-11-26T12:08:08.557+0100][gc,phases   ] GC(9)   Post Evacuate Collection Set: 0.4ms
[2022-11-26T12:08:08.557+0100][gc,phases   ] GC(9)   Other: 0.1ms
[2022-11-26T12:08:08.557+0100][gc,heap     ] GC(9) Eden regions: 68->0(108)
[2022-11-26T12:08:08.557+0100][gc,heap     ] GC(9) Survivor regions: 2->3(9)
[2022-11-26T12:08:08.557+0100][gc,heap     ] GC(9) Old regions: 17->17
[2022-11-26T12:08:08.557+0100][gc,heap     ] GC(9) Archive regions: 2->2
[2022-11-26T12:08:08.557+0100][gc,heap     ] GC(9) Humongous regions: 129->129
[2022-11-26T12:08:08.557+0100][gc,metaspace] GC(9) Metaspace: 42921K(43584K)->42921K(43584K) NonClass: 37647K(38016K)->37647K(38016K) Class: 5274K(5568K)->5274K(5568K)
[2022-11-26T12:08:08.557+0100][gc          ] GC(9) Pause Young (Normal) (G1 Evacuation Pause) 215M->149M(1024M) 4.729ms
[2022-11-26T12:08:08.557+0100][gc,cpu      ] GC(9) User=0.02s Sys=0.00s Real=0.00s
[2022-11-26T12:09:59.299+0100][gc,start    ] GC(10) Pause Young (Normal) (G1 Evacuation Pause)
[2022-11-26T12:09:59.299+0100][gc,task     ] GC(10) Using 8 workers of 8 for evacuation
[2022-11-26T12:09:59.305+0100][gc,phases   ] GC(10)   Pre Evacuate Collection Set: 0.1ms
[2022-11-26T12:09:59.305+0100][gc,phases   ] GC(10)   Merge Heap Roots: 0.1ms
[2022-11-26T12:09:59.305+0100][gc,phases   ] GC(10)   Evacuate Collection Set: 4.3ms
[2022-11-26T12:09:59.305+0100][gc,phases   ] GC(10)   Post Evacuate Collection Set: 0.6ms
[2022-11-26T12:09:59.305+0100][gc,phases   ] GC(10)   Other: 0.2ms
[2022-11-26T12:09:59.305+0100][gc,heap     ] GC(10) Eden regions: 108->0(108)
[2022-11-26T12:09:59.305+0100][gc,heap     ] GC(10) Survivor regions: 3->5(14)
[2022-11-26T12:09:59.305+0100][gc,heap     ] GC(10) Old regions: 17->17
[2022-11-26T12:09:59.305+0100][gc,heap     ] GC(10) Archive regions: 2->2
[2022-11-26T12:09:59.305+0100][gc,heap     ] GC(10) Humongous regions: 129->129
[2022-11-26T12:09:59.305+0100][gc,metaspace] GC(10) Metaspace: 42982K(43648K)->42982K(43648K) NonClass: 37708K(38080K)->37708K(38080K) Class: 5274K(5568K)->5274K(5568K)
[2022-11-26T12:09:59.305+0100][gc          ] GC(10) Pause Young (Normal) (G1 Evacuation Pause) 257M->150M(1024M) 5.693ms
[2022-11-26T12:09:59.305+0100][gc,cpu      ] GC(10) User=0.02s Sys=0.00s Real=0.01s
[2022-11-26T12:11:49.188+0100][gc,start    ] GC(11) Pause Young (Normal) (G1 Evacuation Pause)
[2022-11-26T12:11:49.188+0100][gc,task     ] GC(11) Using 8 workers of 8 for evacuation
[2022-11-26T12:11:49.192+0100][gc,phases   ] GC(11)   Pre Evacuate Collection Set: 0.2ms
[2022-11-26T12:11:49.192+0100][gc,phases   ] GC(11)   Merge Heap Roots: 0.0ms
[2022-11-26T12:11:49.192+0100][gc,phases   ] GC(11)   Evacuate Collection Set: 3.3ms
[2022-11-26T12:11:49.192+0100][gc,phases   ] GC(11)   Post Evacuate Collection Set: 0.3ms
[2022-11-26T12:11:49.192+0100][gc,phases   ] GC(11)   Other: 0.1ms
[2022-11-26T12:11:49.192+0100][gc,heap     ] GC(11) Eden regions: 108->0(127)
[2022-11-26T12:11:49.192+0100][gc,heap     ] GC(11) Survivor regions: 5->7(15)
[2022-11-26T12:11:49.192+0100][gc,heap     ] GC(11) Old regions: 17->17
[2022-11-26T12:11:49.192+0100][gc,heap     ] GC(11) Archive regions: 2->2
[2022-11-26T12:11:49.192+0100][gc,heap     ] GC(11) Humongous regions: 129->129
[2022-11-26T12:11:49.192+0100][gc,metaspace] GC(11) Metaspace: 43065K(43776K)->43065K(43776K) NonClass: 37771K(38144K)->37771K(38144K) Class: 5293K(5632K)->5293K(5632K)
[2022-11-26T12:11:49.192+0100][gc          ] GC(11) Pause Young (Normal) (G1 Evacuation Pause) 258M->152M(1024M) 4.218ms
[2022-11-26T12:11:49.192+0100][gc,cpu      ] GC(11) User=0.02s Sys=0.01s Real=0.01s
[2022-11-26T12:32:45.535+0100][gc,start    ] GC(12) Pause Young (Normal) (G1 Evacuation Pause)
[2022-11-26T12:32:45.535+0100][gc,task     ] GC(12) Using 8 workers of 8 for evacuation
[2022-11-26T12:32:45.555+0100][gc,phases   ] GC(12)   Pre Evacuate Collection Set: 0.1ms
[2022-11-26T12:32:45.555+0100][gc,phases   ] GC(12)   Merge Heap Roots: 0.1ms
[2022-11-26T12:32:45.555+0100][gc,phases   ] GC(12)   Evacuate Collection Set: 18.9ms
[2022-11-26T12:32:45.555+0100][gc,phases   ] GC(12)   Post Evacuate Collection Set: 0.5ms
[2022-11-26T12:32:45.555+0100][gc,phases   ] GC(12)   Other: 0.1ms
[2022-11-26T12:32:45.555+0100][gc,heap     ] GC(12) Eden regions: 127->0(93)
[2022-11-26T12:32:45.555+0100][gc,heap     ] GC(12) Survivor regions: 7->12(17)
[2022-11-26T12:32:45.555+0100][gc,heap     ] GC(12) Old regions: 17->17
[2022-11-26T12:32:45.555+0100][gc,heap     ] GC(12) Archive regions: 2->2
[2022-11-26T12:32:45.555+0100][gc,heap     ] GC(12) Humongous regions: 129->129
[2022-11-26T12:32:45.555+0100][gc,metaspace] GC(12) Metaspace: 43217K(43904K)->43217K(43904K) NonClass: 37917K(38272K)->37917K(38272K) Class: 5300K(5632K)->5300K(5632K)
[2022-11-26T12:32:45.555+0100][gc          ] GC(12) Pause Young (Normal) (G1 Evacuation Pause) 279M->157M(1024M) 20.873ms
[2022-11-26T12:32:45.556+0100][gc,cpu      ] GC(12) User=0.05s Sys=0.02s Real=0.02s
[2022-11-26T13:06:18.987+0100][gc,start    ] GC(13) Pause Young (Normal) (G1 Evacuation Pause)
[2022-11-26T13:06:18.988+0100][gc,task     ] GC(13) Using 8 workers of 8 for evacuation
[2022-11-26T13:06:19.011+0100][gc,mmu      ] GC(13) MMU target violated: 21.0ms (20.0ms/21.0ms)
[2022-11-26T13:06:19.011+0100][gc,phases   ] GC(13)   Pre Evacuate Collection Set: 0.3ms
[2022-11-26T13:06:19.011+0100][gc,phases   ] GC(13)   Merge Heap Roots: 0.1ms
[2022-11-26T13:06:19.011+0100][gc,phases   ] GC(13)   Evacuate Collection Set: 22.3ms
[2022-11-26T13:06:19.012+0100][gc,phases   ] GC(13)   Post Evacuate Collection Set: 0.3ms
[2022-11-26T13:06:19.012+0100][gc,phases   ] GC(13)   Other: 0.2ms
[2022-11-26T13:06:19.012+0100][gc,heap     ] GC(13) Eden regions: 93->0(37)
[2022-11-26T13:06:19.012+0100][gc,heap     ] GC(13) Survivor regions: 12->14(14)
[2022-11-26T13:06:19.012+0100][gc,heap     ] GC(13) Old regions: 17->21
[2022-11-26T13:06:19.012+0100][gc,heap     ] GC(13) Archive regions: 2->2
[2022-11-26T13:06:19.012+0100][gc,heap     ] GC(13) Humongous regions: 129->129
[2022-11-26T13:06:19.012+0100][gc,metaspace] GC(13) Metaspace: 43380K(44096K)->43380K(44096K) NonClass: 38075K(38464K)->38075K(38464K) Class: 5304K(5632K)->5304K(5632K)
[2022-11-26T13:06:19.012+0100][gc          ] GC(13) Pause Young (Normal) (G1 Evacuation Pause) 250M->164M(1024M) 24.447ms
[2022-11-26T13:06:19.012+0100][gc,cpu      ] GC(13) User=0.08s Sys=0.04s Real=0.03s
[2022-11-26T13:20:09.909+0100][gc,start    ] GC(14) Pause Young (Normal) (G1 Evacuation Pause)
[2022-11-26T13:20:09.910+0100][gc,task     ] GC(14) Using 8 workers of 8 for evacuation
[2022-11-26T13:20:09.927+0100][gc,phases   ] GC(14)   Pre Evacuate Collection Set: 0.1ms
[2022-11-26T13:20:09.927+0100][gc,phases   ] GC(14)   Merge Heap Roots: 0.3ms
[2022-11-26T13:20:09.927+0100][gc,phases   ] GC(14)   Evacuate Collection Set: 16.5ms
[2022-11-26T13:20:09.927+0100][gc,phases   ] GC(14)   Post Evacuate Collection Set: 0.3ms
[2022-11-26T13:20:09.927+0100][gc,phases   ] GC(14)   Other: 0.1ms
[2022-11-26T13:20:09.927+0100][gc,heap     ] GC(14) Eden regions: 37->0(160)
[2022-11-26T13:20:09.927+0100][gc,heap     ] GC(14) Survivor regions: 14->4(7)
[2022-11-26T13:20:09.927+0100][gc,heap     ] GC(14) Old regions: 21->33
[2022-11-26T13:20:09.927+0100][gc,heap     ] GC(14) Archive regions: 2->2
[2022-11-26T13:20:09.927+0100][gc,heap     ] GC(14) Humongous regions: 129->129
[2022-11-26T13:20:09.927+0100][gc,metaspace] GC(14) Metaspace: 43392K(44096K)->43392K(44096K) NonClass: 38087K(38464K)->38087K(38464K) Class: 5304K(5632K)->5304K(5632K)
[2022-11-26T13:20:09.927+0100][gc          ] GC(14) Pause Young (Normal) (G1 Evacuation Pause) 201M->166M(1024M) 18.165ms
[2022-11-26T13:20:09.927+0100][gc,cpu      ] GC(14) User=0.05s Sys=0.01s Real=0.02s
[2022-11-26T14:19:48.892+0100][gc,start    ] GC(15) Pause Young (Normal) (G1 Evacuation Pause)
[2022-11-26T14:19:48.892+0100][gc,task     ] GC(15) Using 8 workers of 8 for evacuation
[2022-11-26T14:19:48.900+0100][gc,phases   ] GC(15)   Pre Evacuate Collection Set: 0.2ms
[2022-11-26T14:19:48.900+0100][gc,phases   ] GC(15)   Merge Heap Roots: 0.1ms
[2022-11-26T14:19:48.900+0100][gc,phases   ] GC(15)   Evacuate Collection Set: 6.6ms
[2022-11-26T14:19:48.900+0100][gc,phases   ] GC(15)   Post Evacuate Collection Set: 0.3ms
[2022-11-26T14:19:48.900+0100][gc,phases   ] GC(15)   Other: 0.1ms
[2022-11-26T14:19:48.900+0100][gc,heap     ] GC(15) Eden regions: 160->0(131)
[2022-11-26T14:19:48.900+0100][gc,heap     ] GC(15) Survivor regions: 4->8(21)
[2022-11-26T14:19:48.900+0100][gc,heap     ] GC(15) Old regions: 33->33
[2022-11-26T14:19:48.900+0100][gc,heap     ] GC(15) Archive regions: 2->2
[2022-11-26T14:19:48.900+0100][gc,heap     ] GC(15) Humongous regions: 129->129
[2022-11-26T14:19:48.900+0100][gc,metaspace] GC(15) Metaspace: 43451K(44096K)->43451K(44096K) NonClass: 38146K(38464K)->38146K(38464K) Class: 5304K(5632K)->5304K(5632K)
[2022-11-26T14:19:48.900+0100][gc          ] GC(15) Pause Young (Normal) (G1 Evacuation Pause) 326M->170M(1024M) 8.273ms
[2022-11-26T14:19:48.900+0100][gc,cpu      ] GC(15) User=0.03s Sys=0.01s Real=0.01s
[2022-11-26T14:49:19.713+0100][gc,heap,exit] Heap
[2022-11-26T14:49:19.714+0100][gc,heap,exit]  garbage-first heap   total 1048576K, used 266222K [0x00000007c0000000, 0x0000000800000000)
[2022-11-26T14:49:19.714+0100][gc,heap,exit]   region size 1024K, 98 young (100352K), 8 survivors (8192K)
[2022-11-26T14:49:19.714+0100][gc,heap,exit]  Metaspace       used 44128K, committed 44800K, reserved 1114112K
[2022-11-26T14:49:19.714+0100][gc,heap,exit]   class space    used 5465K, committed 5760K, reserved 1048576K
