[2022-11-26T11:57:34.736+0100][gc,init] CardTable entry size: 512
[2022-11-26T11:57:34.737+0100][gc     ] Using G1
[2022-11-26T11:57:34.740+0100][gc,init] Version: 19.0.1+10-21 (release)
[2022-11-26T11:57:34.740+0100][gc,init] CPUs: 8 total, 8 available
[2022-11-26T11:57:34.740+0100][gc,init] Memory: 16384M
[2022-11-26T11:57:34.740+0100][gc,init] Large Page Support: Disabled
[2022-11-26T11:57:34.740+0100][gc,init] NUMA Support: Disabled
[2022-11-26T11:57:34.740+0100][gc,init] Compressed Oops: Enabled (Zero based)
[2022-11-26T11:57:34.740+0100][gc,init] Heap Region Size: 1M
[2022-11-26T11:57:34.740+0100][gc,init] Heap Min Capacity: 512M
[2022-11-26T11:57:34.740+0100][gc,init] Heap Initial Capacity: 512M
[2022-11-26T11:57:34.741+0100][gc,init] Heap Max Capacity: 512M
[2022-11-26T11:57:34.741+0100][gc,init] Pre-touch: Disabled
[2022-11-26T11:57:34.741+0100][gc,init] Parallel Workers: 8
[2022-11-26T11:57:34.741+0100][gc,init] Concurrent Workers: 2
[2022-11-26T11:57:34.741+0100][gc,init] Concurrent Refinement Workers: 8
[2022-11-26T11:57:34.741+0100][gc,init] Periodic GC: Disabled
[2022-11-26T11:57:34.741+0100][gc,metaspace] CDS archive(s) mapped at: [0x0000000800000000-0x0000000800c44000-0x0000000800c44000), size 12861440, SharedBaseAddress: 0x0000000800000000, ArchiveRelocationMode: 0.
[2022-11-26T11:57:34.741+0100][gc,metaspace] Compressed class space mapped at: 0x0000000801000000-0x0000000841000000, reserved size: 1073741824
[2022-11-26T11:57:34.741+0100][gc,metaspace] Narrow klass base: 0x0000000800000000, Narrow klass shift: 0, Narrow klass range: 0x100000000
[2022-11-26T11:57:35.425+0100][gc,heap,exit] Heap
[2022-11-26T11:57:35.426+0100][gc,heap,exit]  garbage-first heap   total 524288K, used 24530K [0x00000007e0000000, 0x0000000800000000)
[2022-11-26T11:57:35.426+0100][gc,heap,exit]   region size 1024K, 24 young (24576K), 0 survivors (0K)
[2022-11-26T11:57:35.426+0100][gc,heap,exit]  Metaspace       used 8141K, committed 8384K, reserved 1114112K
[2022-11-26T11:57:35.426+0100][gc,heap,exit]   class space    used 858K, committed 960K, reserved 1048576K
