[2022-11-16T19:04:10.283+0100][gc,init] CardTable entry size: 512
[2022-11-16T19:04:10.283+0100][gc     ] Using G1
[2022-11-16T19:04:10.289+0100][gc,init] Version: 19.0.1+10-21 (release)
[2022-11-16T19:04:10.289+0100][gc,init] CPUs: 8 total, 8 available
[2022-11-16T19:04:10.289+0100][gc,init] Memory: 16384M
[2022-11-16T19:04:10.289+0100][gc,init] Large Page Support: Disabled
[2022-11-16T19:04:10.289+0100][gc,init] NUMA Support: Disabled
[2022-11-16T19:04:10.289+0100][gc,init] Compressed Oops: Enabled (Zero based)
[2022-11-16T19:04:10.289+0100][gc,init] Heap Region Size: 1M
[2022-11-16T19:04:10.289+0100][gc,init] Heap Min Capacity: 1G
[2022-11-16T19:04:10.289+0100][gc,init] Heap Initial Capacity: 1G
[2022-11-16T19:04:10.289+0100][gc,init] Heap Max Capacity: 1G
[2022-11-16T19:04:10.289+0100][gc,init] Pre-touch: Disabled
[2022-11-16T19:04:10.289+0100][gc,init] Parallel Workers: 8
[2022-11-16T19:04:10.289+0100][gc,init] Concurrent Workers: 2
[2022-11-16T19:04:10.289+0100][gc,init] Concurrent Refinement Workers: 8
[2022-11-16T19:04:10.289+0100][gc,init] Periodic GC: Disabled
[2022-11-16T19:04:10.289+0100][gc,metaspace] CDS archive(s) mapped at: [0x0000000800000000-0x0000000800c44000-0x0000000800c44000), size 12861440, SharedBaseAddress: 0x0000000800000000, ArchiveRelocationMode: 0.
[2022-11-16T19:04:10.290+0100][gc,metaspace] Compressed class space mapped at: 0x0000000801000000-0x0000000841000000, reserved size: 1073741824
[2022-11-16T19:04:10.290+0100][gc,metaspace] Narrow klass base: 0x0000000800000000, Narrow klass shift: 0, Narrow klass range: 0x100000000
[2022-11-16T19:04:11.996+0100][gc,start    ] GC(0) Pause Young (Normal) (G1 Evacuation Pause)
[2022-11-16T19:04:11.996+0100][gc,task     ] GC(0) Using 8 workers of 8 for evacuation
[2022-11-16T19:04:12.001+0100][gc,phases   ] GC(0)   Pre Evacuate Collection Set: 0.1ms
[2022-11-16T19:04:12.001+0100][gc,phases   ] GC(0)   Merge Heap Roots: 0.1ms
[2022-11-16T19:04:12.001+0100][gc,phases   ] GC(0)   Evacuate Collection Set: 3.9ms
[2022-11-16T19:04:12.001+0100][gc,phases   ] GC(0)   Post Evacuate Collection Set: 0.5ms
[2022-11-16T19:04:12.001+0100][gc,phases   ] GC(0)   Other: 0.6ms
[2022-11-16T19:04:12.001+0100][gc,heap     ] GC(0) Eden regions: 51->0(44)
[2022-11-16T19:04:12.001+0100][gc,heap     ] GC(0) Survivor regions: 0->7(7)
[2022-11-16T19:04:12.001+0100][gc,heap     ] GC(0) Old regions: 0->1
[2022-11-16T19:04:12.001+0100][gc,heap     ] GC(0) Archive regions: 2->2
[2022-11-16T19:04:12.001+0100][gc,heap     ] GC(0) Humongous regions: 0->0
[2022-11-16T19:04:12.001+0100][gc,metaspace] GC(0) Metaspace: 19011K(19264K)->19011K(19264K) NonClass: 16653K(16768K)->16653K(16768K) Class: 2358K(2496K)->2358K(2496K)
[2022-11-16T19:04:12.001+0100][gc          ] GC(0) Pause Young (Normal) (G1 Evacuation Pause) 51M->8M(1024M) 5.415ms
[2022-11-16T19:04:12.001+0100][gc,cpu      ] GC(0) User=0.02s Sys=0.01s Real=0.01s
[2022-11-16T19:04:12.183+0100][gc,start    ] GC(1) Pause Young (Concurrent Start) (Metadata GC Threshold)
[2022-11-16T19:04:12.183+0100][gc,task     ] GC(1) Using 8 workers of 8 for evacuation
[2022-11-16T19:04:12.191+0100][gc,phases   ] GC(1)   Pre Evacuate Collection Set: 0.8ms
[2022-11-16T19:04:12.191+0100][gc,phases   ] GC(1)   Merge Heap Roots: 0.1ms
[2022-11-16T19:04:12.191+0100][gc,phases   ] GC(1)   Evacuate Collection Set: 5.4ms
[2022-11-16T19:04:12.191+0100][gc,phases   ] GC(1)   Post Evacuate Collection Set: 0.5ms
[2022-11-16T19:04:12.191+0100][gc,phases   ] GC(1)   Other: 0.9ms
[2022-11-16T19:04:12.191+0100][gc,heap     ] GC(1) Eden regions: 9->0(49)
[2022-11-16T19:04:12.191+0100][gc,heap     ] GC(1) Survivor regions: 7->2(7)
[2022-11-16T19:04:12.191+0100][gc,heap     ] GC(1) Old regions: 1->7
[2022-11-16T19:04:12.191+0100][gc,heap     ] GC(1) Archive regions: 2->2
[2022-11-16T19:04:12.191+0100][gc,heap     ] GC(1) Humongous regions: 0->0
[2022-11-16T19:04:12.191+0100][gc,metaspace] GC(1) Metaspace: 21289K(21504K)->21289K(21504K) NonClass: 18572K(18688K)->18572K(18688K) Class: 2717K(2816K)->2717K(2816K)
[2022-11-16T19:04:12.191+0100][gc          ] GC(1) Pause Young (Concurrent Start) (Metadata GC Threshold) 16M->8M(1024M) 8.085ms
[2022-11-16T19:04:12.191+0100][gc,cpu      ] GC(1) User=0.02s Sys=0.01s Real=0.01s
[2022-11-16T19:04:12.191+0100][gc          ] GC(2) Concurrent Mark Cycle
[2022-11-16T19:04:12.191+0100][gc,marking  ] GC(2) Concurrent Clear Claimed Marks
[2022-11-16T19:04:12.191+0100][gc,marking  ] GC(2) Concurrent Clear Claimed Marks 0.014ms
[2022-11-16T19:04:12.191+0100][gc,marking  ] GC(2) Concurrent Scan Root Regions
[2022-11-16T19:04:12.193+0100][gc,marking  ] GC(2) Concurrent Scan Root Regions 2.306ms
[2022-11-16T19:04:12.193+0100][gc,marking  ] GC(2) Concurrent Mark
[2022-11-16T19:04:12.193+0100][gc,marking  ] GC(2) Concurrent Mark From Roots
[2022-11-16T19:04:12.193+0100][gc,task     ] GC(2) Using 2 workers of 2 for marking
[2022-11-16T19:04:12.198+0100][gc,marking  ] GC(2) Concurrent Mark From Roots 4.559ms
[2022-11-16T19:04:12.198+0100][gc,marking  ] GC(2) Concurrent Preclean
[2022-11-16T19:04:12.198+0100][gc,marking  ] GC(2) Concurrent Preclean 0.268ms
[2022-11-16T19:04:12.199+0100][gc,start    ] GC(2) Pause Remark
[2022-11-16T19:04:12.202+0100][gc          ] GC(2) Pause Remark 9M->9M(1024M) 2.818ms
[2022-11-16T19:04:12.202+0100][gc,cpu      ] GC(2) User=0.00s Sys=0.00s Real=0.01s
[2022-11-16T19:04:12.202+0100][gc,marking  ] GC(2) Concurrent Mark 8.290ms
[2022-11-16T19:04:12.202+0100][gc,marking  ] GC(2) Concurrent Rebuild Remembered Sets
[2022-11-16T19:04:12.202+0100][gc,marking  ] GC(2) Concurrent Rebuild Remembered Sets 0.008ms
[2022-11-16T19:04:12.202+0100][gc,start    ] GC(2) Pause Cleanup
[2022-11-16T19:04:12.202+0100][gc          ] GC(2) Pause Cleanup 9M->9M(1024M) 0.025ms
[2022-11-16T19:04:12.202+0100][gc,cpu      ] GC(2) User=0.00s Sys=0.00s Real=0.00s
[2022-11-16T19:04:12.202+0100][gc,marking  ] GC(2) Concurrent Cleanup for Next Mark
[2022-11-16T19:04:12.214+0100][gc,marking  ] GC(2) Concurrent Cleanup for Next Mark 11.879ms
[2022-11-16T19:04:12.215+0100][gc          ] GC(2) Concurrent Mark Cycle 23.698ms
[2022-11-16T19:04:13.306+0100][gc,start    ] GC(3) Pause Young (Normal) (G1 Evacuation Pause)
[2022-11-16T19:04:13.306+0100][gc,task     ] GC(3) Using 8 workers of 8 for evacuation
[2022-11-16T19:04:13.310+0100][gc,phases   ] GC(3)   Pre Evacuate Collection Set: 0.2ms
[2022-11-16T19:04:13.310+0100][gc,phases   ] GC(3)   Merge Heap Roots: 0.1ms
[2022-11-16T19:04:13.310+0100][gc,phases   ] GC(3)   Evacuate Collection Set: 2.7ms
[2022-11-16T19:04:13.310+0100][gc,phases   ] GC(3)   Post Evacuate Collection Set: 0.7ms
[2022-11-16T19:04:13.310+0100][gc,phases   ] GC(3)   Other: 0.1ms
[2022-11-16T19:04:13.310+0100][gc,heap     ] GC(3) Eden regions: 49->0(45)
[2022-11-16T19:04:13.310+0100][gc,heap     ] GC(3) Survivor regions: 2->6(7)
[2022-11-16T19:04:13.310+0100][gc,heap     ] GC(3) Old regions: 7->7
[2022-11-16T19:04:13.310+0100][gc,heap     ] GC(3) Archive regions: 2->2
[2022-11-16T19:04:13.310+0100][gc,heap     ] GC(3) Humongous regions: 129->129
[2022-11-16T19:04:13.310+0100][gc,metaspace] GC(3) Metaspace: 33637K(33984K)->33637K(33984K) NonClass: 29669K(29824K)->29669K(29824K) Class: 3968K(4160K)->3968K(4160K)
[2022-11-16T19:04:13.310+0100][gc          ] GC(3) Pause Young (Normal) (G1 Evacuation Pause) 186M->142M(1024M) 4.095ms
[2022-11-16T19:04:13.310+0100][gc,cpu      ] GC(3) User=0.03s Sys=0.00s Real=0.01s
[2022-11-16T19:04:13.386+0100][gc,start    ] GC(4) Pause Young (Concurrent Start) (Metadata GC Threshold)
[2022-11-16T19:04:13.386+0100][gc,task     ] GC(4) Using 8 workers of 8 for evacuation
[2022-11-16T19:04:13.391+0100][gc,phases   ] GC(4)   Pre Evacuate Collection Set: 0.2ms
[2022-11-16T19:04:13.391+0100][gc,phases   ] GC(4)   Merge Heap Roots: 0.1ms
[2022-11-16T19:04:13.391+0100][gc,phases   ] GC(4)   Evacuate Collection Set: 3.9ms
[2022-11-16T19:04:13.391+0100][gc,phases   ] GC(4)   Post Evacuate Collection Set: 0.4ms
[2022-11-16T19:04:13.391+0100][gc,phases   ] GC(4)   Other: 0.1ms
[2022-11-16T19:04:13.391+0100][gc,heap     ] GC(4) Eden regions: 10->0(50)
[2022-11-16T19:04:13.391+0100][gc,heap     ] GC(4) Survivor regions: 6->1(7)
[2022-11-16T19:04:13.391+0100][gc,heap     ] GC(4) Old regions: 7->13
[2022-11-16T19:04:13.391+0100][gc,heap     ] GC(4) Archive regions: 2->2
[2022-11-16T19:04:13.391+0100][gc,heap     ] GC(4) Humongous regions: 129->129
[2022-11-16T19:04:13.391+0100][gc,metaspace] GC(4) Metaspace: 35826K(36160K)->35826K(36160K) NonClass: 31567K(31744K)->31567K(31744K) Class: 4258K(4416K)->4258K(4416K)
[2022-11-16T19:04:13.391+0100][gc          ] GC(4) Pause Young (Concurrent Start) (Metadata GC Threshold) 152M->143M(1024M) 4.982ms
[2022-11-16T19:04:13.391+0100][gc,cpu      ] GC(4) User=0.03s Sys=0.01s Real=0.01s
[2022-11-16T19:04:13.391+0100][gc          ] GC(5) Concurrent Mark Cycle
[2022-11-16T19:04:13.391+0100][gc,marking  ] GC(5) Concurrent Clear Claimed Marks
[2022-11-16T19:04:13.391+0100][gc,marking  ] GC(5) Concurrent Clear Claimed Marks 0.031ms
[2022-11-16T19:04:13.391+0100][gc,marking  ] GC(5) Concurrent Scan Root Regions
[2022-11-16T19:04:13.394+0100][gc,marking  ] GC(5) Concurrent Scan Root Regions 2.923ms
[2022-11-16T19:04:13.394+0100][gc,marking  ] GC(5) Concurrent Mark
[2022-11-16T19:04:13.394+0100][gc,marking  ] GC(5) Concurrent Mark From Roots
[2022-11-16T19:04:13.394+0100][gc,task     ] GC(5) Using 2 workers of 2 for marking
[2022-11-16T19:04:13.400+0100][gc,marking  ] GC(5) Concurrent Mark From Roots 5.327ms
[2022-11-16T19:04:13.400+0100][gc,marking  ] GC(5) Concurrent Preclean
[2022-11-16T19:04:13.400+0100][gc,marking  ] GC(5) Concurrent Preclean 0.060ms
[2022-11-16T19:04:13.400+0100][gc,start    ] GC(5) Pause Remark
[2022-11-16T19:04:13.402+0100][gc          ] GC(5) Pause Remark 145M->145M(1024M) 1.412ms
[2022-11-16T19:04:13.402+0100][gc,cpu      ] GC(5) User=0.00s Sys=0.00s Real=0.00s
[2022-11-16T19:04:13.402+0100][gc,marking  ] GC(5) Concurrent Mark 7.330ms
[2022-11-16T19:04:13.402+0100][gc,marking  ] GC(5) Concurrent Rebuild Remembered Sets
[2022-11-16T19:04:13.408+0100][gc,marking  ] GC(5) Concurrent Rebuild Remembered Sets 5.769ms
[2022-11-16T19:04:13.408+0100][gc,start    ] GC(5) Pause Cleanup
[2022-11-16T19:04:13.408+0100][gc          ] GC(5) Pause Cleanup 146M->146M(1024M) 0.122ms
[2022-11-16T19:04:13.408+0100][gc,cpu      ] GC(5) User=0.00s Sys=0.00s Real=0.00s
[2022-11-16T19:04:13.408+0100][gc,marking  ] GC(5) Concurrent Cleanup for Next Mark
[2022-11-16T19:04:13.419+0100][gc,marking  ] GC(5) Concurrent Cleanup for Next Mark 11.018ms
[2022-11-16T19:04:13.419+0100][gc          ] GC(5) Concurrent Mark Cycle 27.623ms
[2022-11-16T19:35:41.681+0100][gc,heap,exit] Heap
[2022-11-16T19:35:41.682+0100][gc,heap,exit]  garbage-first heap   total 1048576K, used 185041K [0x00000007c0000000, 0x0000000800000000)
[2022-11-16T19:35:41.682+0100][gc,heap,exit]   region size 1024K, 39 young (39936K), 1 survivors (1024K)
[2022-11-16T19:35:41.682+0100][gc,heap,exit]  Metaspace       used 38963K, committed 39424K, reserved 1114112K
[2022-11-16T19:35:41.683+0100][gc,heap,exit]   class space    used 4789K, committed 4992K, reserved 1048576K
