[2022-11-16T16:15:59.085+0100][gc,heap] Heap region size: 1M
[2022-11-16T16:15:59.093+0100][gc     ] Using G1
[2022-11-16T16:15:59.093+0100][gc,heap,coops] Heap address: 0x00000007c0000000, size: 1024 MB, Compressed Oops mode: Zero based, Oop shift amount: 3
[2022-11-16T16:16:00.106+0100][gc,start     ] GC(0) Pause Young (Concurrent Start) (Metadata GC Threshold)
[2022-11-16T16:16:00.107+0100][gc,task      ] GC(0) Using 8 workers of 8 for evacuation
[2022-11-16T16:16:00.113+0100][gc,phases    ] GC(0)   Pre Evacuate Collection Set: 0.0ms
[2022-11-16T16:16:00.113+0100][gc,phases    ] GC(0)   Evacuate Collection Set: 5.6ms
[2022-11-16T16:16:00.113+0100][gc,phases    ] GC(0)   Post Evacuate Collection Set: 0.3ms
[2022-11-16T16:16:00.113+0100][gc,phases    ] GC(0)   Other: 0.6ms
[2022-11-16T16:16:00.113+0100][gc,heap      ] GC(0) Eden regions: 43->0(44)
[2022-11-16T16:16:00.113+0100][gc,heap      ] GC(0) Survivor regions: 0->7(7)
[2022-11-16T16:16:00.113+0100][gc,heap      ] GC(0) Old regions: 0->0
[2022-11-16T16:16:00.113+0100][gc,heap      ] GC(0) Humongous regions: 0->0
[2022-11-16T16:16:00.113+0100][gc,metaspace ] GC(0) Metaspace: 20693K->20693K(1069056K)
[2022-11-16T16:16:00.113+0100][gc           ] GC(0) Pause Young (Concurrent Start) (Metadata GC Threshold) 42M->6M(1024M) 6.629ms
[2022-11-16T16:16:00.113+0100][gc,cpu       ] GC(0) User=0.02s Sys=0.01s Real=0.01s
[2022-11-16T16:16:00.113+0100][gc           ] GC(1) Concurrent Cycle
[2022-11-16T16:16:00.113+0100][gc,marking   ] GC(1) Concurrent Clear Claimed Marks
[2022-11-16T16:16:00.113+0100][gc,marking   ] GC(1) Concurrent Clear Claimed Marks 0.019ms
[2022-11-16T16:16:00.113+0100][gc,marking   ] GC(1) Concurrent Scan Root Regions
[2022-11-16T16:16:00.115+0100][gc,marking   ] GC(1) Concurrent Scan Root Regions 1.539ms
[2022-11-16T16:16:00.115+0100][gc,marking   ] GC(1) Concurrent Mark (1.038s)
[2022-11-16T16:16:00.115+0100][gc,marking   ] GC(1) Concurrent Mark From Roots
[2022-11-16T16:16:00.115+0100][gc,task      ] GC(1) Using 2 workers of 2 for marking
[2022-11-16T16:16:00.115+0100][gc,marking   ] GC(1) Concurrent Mark From Roots 0.134ms
[2022-11-16T16:16:00.115+0100][gc,marking   ] GC(1) Concurrent Preclean
[2022-11-16T16:16:00.115+0100][gc,marking   ] GC(1) Concurrent Preclean 0.037ms
[2022-11-16T16:16:00.115+0100][gc,marking   ] GC(1) Concurrent Mark (1.038s, 1.038s) 0.265ms
[2022-11-16T16:16:00.115+0100][gc,start     ] GC(1) Pause Remark
[2022-11-16T16:16:00.117+0100][gc,stringtable] GC(1) Cleaned string and symbol table, strings: 7220 processed, 0 removed, symbols: 63564 processed, 40 removed
[2022-11-16T16:16:00.117+0100][gc            ] GC(1) Pause Remark 7M->7M(1024M) 1.921ms
[2022-11-16T16:16:00.117+0100][gc,cpu        ] GC(1) User=0.01s Sys=0.00s Real=0.00s
[2022-11-16T16:16:00.117+0100][gc,marking    ] GC(1) Concurrent Rebuild Remembered Sets
[2022-11-16T16:16:00.117+0100][gc,marking    ] GC(1) Concurrent Rebuild Remembered Sets 0.055ms
[2022-11-16T16:16:00.117+0100][gc,start      ] GC(1) Pause Cleanup
[2022-11-16T16:16:00.117+0100][gc            ] GC(1) Pause Cleanup 7M->7M(1024M) 0.065ms
[2022-11-16T16:16:00.117+0100][gc,cpu        ] GC(1) User=0.00s Sys=0.00s Real=0.00s
[2022-11-16T16:16:00.117+0100][gc,marking    ] GC(1) Concurrent Cleanup for Next Mark
[2022-11-16T16:16:00.121+0100][gc,marking    ] GC(1) Concurrent Cleanup for Next Mark 4.068ms
[2022-11-16T16:16:00.121+0100][gc            ] GC(1) Concurrent Cycle 8.338ms
[2022-11-16T16:16:01.154+0100][gc,start      ] GC(2) Pause Young (Normal) (G1 Evacuation Pause)
[2022-11-16T16:16:01.154+0100][gc,task       ] GC(2) Using 8 workers of 8 for evacuation
[2022-11-16T16:16:01.161+0100][gc,phases     ] GC(2)   Pre Evacuate Collection Set: 0.0ms
[2022-11-16T16:16:01.161+0100][gc,phases     ] GC(2)   Evacuate Collection Set: 6.5ms
[2022-11-16T16:16:01.161+0100][gc,phases     ] GC(2)   Post Evacuate Collection Set: 0.4ms
[2022-11-16T16:16:01.161+0100][gc,phases     ] GC(2)   Other: 0.1ms
[2022-11-16T16:16:01.161+0100][gc,heap       ] GC(2) Eden regions: 44->0(49)
[2022-11-16T16:16:01.161+0100][gc,heap       ] GC(2) Survivor regions: 7->2(7)
[2022-11-16T16:16:01.161+0100][gc,heap       ] GC(2) Old regions: 0->7
[2022-11-16T16:16:01.161+0100][gc,heap       ] GC(2) Humongous regions: 0->0
[2022-11-16T16:16:01.161+0100][gc,metaspace  ] GC(2) Metaspace: 30781K->30781K(1077248K)
[2022-11-16T16:16:01.161+0100][gc            ] GC(2) Pause Young (Normal) (G1 Evacuation Pause) 50M->8M(1024M) 7.256ms
[2022-11-16T16:16:01.161+0100][gc,cpu        ] GC(2) User=0.04s Sys=0.01s Real=0.01s
[2022-11-16T16:16:01.435+0100][gc,start      ] GC(3) Pause Young (Concurrent Start) (Metadata GC Threshold)
[2022-11-16T16:16:01.435+0100][gc,task       ] GC(3) Using 8 workers of 8 for evacuation
[2022-11-16T16:16:01.437+0100][gc,phases     ] GC(3)   Pre Evacuate Collection Set: 0.0ms
[2022-11-16T16:16:01.437+0100][gc,phases     ] GC(3)   Evacuate Collection Set: 1.7ms
[2022-11-16T16:16:01.437+0100][gc,phases     ] GC(3)   Post Evacuate Collection Set: 0.2ms
[2022-11-16T16:16:01.437+0100][gc,phases     ] GC(3)   Other: 0.2ms
[2022-11-16T16:16:01.437+0100][gc,heap       ] GC(3) Eden regions: 18->0(48)
[2022-11-16T16:16:01.437+0100][gc,heap       ] GC(3) Survivor regions: 2->3(7)
[2022-11-16T16:16:01.437+0100][gc,heap       ] GC(3) Old regions: 7->7
[2022-11-16T16:16:01.437+0100][gc,heap       ] GC(3) Humongous regions: 129->129
[2022-11-16T16:16:01.437+0100][gc,metaspace  ] GC(3) Metaspace: 34502K->34502K(1081344K)
[2022-11-16T16:16:01.437+0100][gc            ] GC(3) Pause Young (Concurrent Start) (Metadata GC Threshold) 154M->138M(1024M) 2.217ms
[2022-11-16T16:16:01.437+0100][gc,cpu        ] GC(3) User=0.01s Sys=0.00s Real=0.00s
[2022-11-16T16:16:01.437+0100][gc            ] GC(4) Concurrent Cycle
[2022-11-16T16:16:01.437+0100][gc,marking    ] GC(4) Concurrent Clear Claimed Marks
[2022-11-16T16:16:01.437+0100][gc,marking    ] GC(4) Concurrent Clear Claimed Marks 0.033ms
[2022-11-16T16:16:01.438+0100][gc,marking    ] GC(4) Concurrent Scan Root Regions
[2022-11-16T16:16:01.438+0100][gc,marking    ] GC(4) Concurrent Scan Root Regions 0.971ms
[2022-11-16T16:16:01.439+0100][gc,marking    ] GC(4) Concurrent Mark (2.362s)
[2022-11-16T16:16:01.439+0100][gc,marking    ] GC(4) Concurrent Mark From Roots
[2022-11-16T16:16:01.439+0100][gc,task       ] GC(4) Using 2 workers of 2 for marking
[2022-11-16T16:16:01.442+0100][gc,marking    ] GC(4) Concurrent Mark From Roots 3.268ms
[2022-11-16T16:16:01.442+0100][gc,marking    ] GC(4) Concurrent Preclean
[2022-11-16T16:16:01.442+0100][gc,marking    ] GC(4) Concurrent Preclean 0.050ms
[2022-11-16T16:16:01.442+0100][gc,marking    ] GC(4) Concurrent Mark (2.362s, 2.365s) 3.373ms
[2022-11-16T16:16:01.442+0100][gc,start      ] GC(4) Pause Remark
[2022-11-16T16:16:01.443+0100][gc,stringtable] GC(4) Cleaned string and symbol table, strings: 10438 processed, 10 removed, symbols: 95730 processed, 34 removed
[2022-11-16T16:16:01.443+0100][gc            ] GC(4) Pause Remark 138M->138M(1024M) 1.438ms
[2022-11-16T16:16:01.444+0100][gc,cpu        ] GC(4) User=0.01s Sys=0.00s Real=0.00s
[2022-11-16T16:16:01.444+0100][gc,marking    ] GC(4) Concurrent Rebuild Remembered Sets
[2022-11-16T16:16:01.446+0100][gc,marking    ] GC(4) Concurrent Rebuild Remembered Sets 2.367ms
[2022-11-16T16:16:01.446+0100][gc,start      ] GC(4) Pause Cleanup
[2022-11-16T16:16:01.446+0100][gc            ] GC(4) Pause Cleanup 139M->139M(1024M) 0.076ms
[2022-11-16T16:16:01.446+0100][gc,cpu        ] GC(4) User=0.00s Sys=0.00s Real=0.00s
[2022-11-16T16:16:01.446+0100][gc,marking    ] GC(4) Concurrent Cleanup for Next Mark
[2022-11-16T16:16:01.450+0100][gc,marking    ] GC(4) Concurrent Cleanup for Next Mark 4.156ms
[2022-11-16T16:16:01.450+0100][gc            ] GC(4) Concurrent Cycle 12.941ms
[2022-11-16T16:16:02.048+0100][gc,start      ] GC(5) Pause Young (Normal) (G1 Evacuation Pause)
[2022-11-16T16:16:02.048+0100][gc,task       ] GC(5) Using 8 workers of 8 for evacuation
[2022-11-16T16:16:02.052+0100][gc,phases     ] GC(5)   Pre Evacuate Collection Set: 0.0ms
[2022-11-16T16:16:02.052+0100][gc,phases     ] GC(5)   Evacuate Collection Set: 3.5ms
[2022-11-16T16:16:02.052+0100][gc,phases     ] GC(5)   Post Evacuate Collection Set: 0.3ms
[2022-11-16T16:16:02.052+0100][gc,phases     ] GC(5)   Other: 0.1ms
[2022-11-16T16:16:02.052+0100][gc,heap       ] GC(5) Eden regions: 48->0(44)
[2022-11-16T16:16:02.052+0100][gc,heap       ] GC(5) Survivor regions: 3->7(7)
[2022-11-16T16:16:02.052+0100][gc,heap       ] GC(5) Old regions: 7->7
[2022-11-16T16:16:02.052+0100][gc,heap       ] GC(5) Humongous regions: 129->129
[2022-11-16T16:16:02.052+0100][gc,metaspace  ] GC(5) Metaspace: 43182K->43182K(1087488K)
[2022-11-16T16:16:02.052+0100][gc            ] GC(5) Pause Young (Normal) (G1 Evacuation Pause) 186M->141M(1024M) 4.143ms
[2022-11-16T16:16:02.052+0100][gc,cpu        ] GC(5) User=0.03s Sys=0.00s Real=0.01s
[2022-11-16T16:50:31.055+0100][gc,start      ] GC(6) Pause Young (Normal) (G1 Evacuation Pause)
[2022-11-16T16:50:31.055+0100][gc,task       ] GC(6) Using 8 workers of 8 for evacuation
[2022-11-16T16:50:31.068+0100][gc,phases     ] GC(6)   Pre Evacuate Collection Set: 0.2ms
[2022-11-16T16:50:31.068+0100][gc,phases     ] GC(6)   Evacuate Collection Set: 11.5ms
[2022-11-16T16:50:31.068+0100][gc,phases     ] GC(6)   Post Evacuate Collection Set: 0.8ms
[2022-11-16T16:50:31.068+0100][gc,phases     ] GC(6)   Other: 0.6ms
[2022-11-16T16:50:31.068+0100][gc,heap       ] GC(6) Eden regions: 44->0(49)
[2022-11-16T16:50:31.068+0100][gc,heap       ] GC(6) Survivor regions: 7->2(7)
[2022-11-16T16:50:31.068+0100][gc,heap       ] GC(6) Old regions: 7->13
[2022-11-16T16:50:31.068+0100][gc,heap       ] GC(6) Humongous regions: 129->129
[2022-11-16T16:50:31.068+0100][gc,metaspace  ] GC(6) Metaspace: 47303K->47303K(1091584K)
[2022-11-16T16:50:31.068+0100][gc            ] GC(6) Pause Young (Normal) (G1 Evacuation Pause) 185M->142M(1024M) 13.296ms
[2022-11-16T16:50:31.068+0100][gc,cpu        ] GC(6) User=0.07s Sys=0.01s Real=0.01s
[2022-11-16T17:13:06.683+0100][gc,heap,exit  ] Heap
[2022-11-16T17:13:06.683+0100][gc,heap,exit  ]  garbage-first heap   total 1048576K, used 172946K [0x00000007c0000000, 0x0000000800000000)
[2022-11-16T17:13:06.683+0100][gc,heap,exit  ]   region size 1024K, 30 young (30720K), 2 survivors (2048K)
[2022-11-16T17:13:06.683+0100][gc,heap,exit  ]  Metaspace       used 48334K, capacity 50510K, committed 50680K, reserved 1093632K
[2022-11-16T17:13:06.683+0100][gc,heap,exit  ]   class space    used 6246K, capacity 7337K, committed 7424K, reserved 1048576K
