[2022-11-16T18:56:03.522+0100][gc,init] CardTable entry size: 512
[2022-11-16T18:56:03.522+0100][gc     ] Using G1
[2022-11-16T18:56:03.528+0100][gc,init] Version: 19.0.1+10-21 (release)
[2022-11-16T18:56:03.528+0100][gc,init] CPUs: 8 total, 8 available
[2022-11-16T18:56:03.528+0100][gc,init] Memory: 16384M
[2022-11-16T18:56:03.528+0100][gc,init] Large Page Support: Disabled
[2022-11-16T18:56:03.528+0100][gc,init] NUMA Support: Disabled
[2022-11-16T18:56:03.528+0100][gc,init] Compressed Oops: Enabled (Zero based)
[2022-11-16T18:56:03.528+0100][gc,init] Heap Region Size: 1M
[2022-11-16T18:56:03.528+0100][gc,init] Heap Min Capacity: 1G
[2022-11-16T18:56:03.528+0100][gc,init] Heap Initial Capacity: 1G
[2022-11-16T18:56:03.528+0100][gc,init] Heap Max Capacity: 1G
[2022-11-16T18:56:03.528+0100][gc,init] Pre-touch: Disabled
[2022-11-16T18:56:03.528+0100][gc,init] Parallel Workers: 8
[2022-11-16T18:56:03.528+0100][gc,init] Concurrent Workers: 2
[2022-11-16T18:56:03.528+0100][gc,init] Concurrent Refinement Workers: 8
[2022-11-16T18:56:03.528+0100][gc,init] Periodic GC: Disabled
[2022-11-16T18:56:03.529+0100][gc,metaspace] CDS archive(s) mapped at: [0x0000000800000000-0x0000000800c44000-0x0000000800c44000), size 12861440, SharedBaseAddress: 0x0000000800000000, ArchiveRelocationMode: 0.
[2022-11-16T18:56:03.529+0100][gc,metaspace] Compressed class space mapped at: 0x0000000801000000-0x0000000841000000, reserved size: 1073741824
[2022-11-16T18:56:03.529+0100][gc,metaspace] Narrow klass base: 0x0000000800000000, Narrow klass shift: 0, Narrow klass range: 0x100000000
[2022-11-16T18:56:05.070+0100][gc,start    ] GC(0) Pause Young (Normal) (G1 Evacuation Pause)
[2022-11-16T18:56:05.070+0100][gc,task     ] GC(0) Using 8 workers of 8 for evacuation
[2022-11-16T18:56:05.076+0100][gc,phases   ] GC(0)   Pre Evacuate Collection Set: 0.2ms
[2022-11-16T18:56:05.076+0100][gc,phases   ] GC(0)   Merge Heap Roots: 0.3ms
[2022-11-16T18:56:05.076+0100][gc,phases   ] GC(0)   Evacuate Collection Set: 3.7ms
[2022-11-16T18:56:05.076+0100][gc,phases   ] GC(0)   Post Evacuate Collection Set: 1.1ms
[2022-11-16T18:56:05.076+0100][gc,phases   ] GC(0)   Other: 0.7ms
[2022-11-16T18:56:05.076+0100][gc,heap     ] GC(0) Eden regions: 51->0(44)
[2022-11-16T18:56:05.076+0100][gc,heap     ] GC(0) Survivor regions: 0->7(7)
[2022-11-16T18:56:05.076+0100][gc,heap     ] GC(0) Old regions: 0->0
[2022-11-16T18:56:05.076+0100][gc,heap     ] GC(0) Archive regions: 2->2
[2022-11-16T18:56:05.076+0100][gc,heap     ] GC(0) Humongous regions: 0->0
[2022-11-16T18:56:05.076+0100][gc,metaspace] GC(0) Metaspace: 19022K(19264K)->19022K(19264K) NonClass: 16663K(16768K)->16663K(16768K) Class: 2358K(2496K)->2358K(2496K)
[2022-11-16T18:56:05.076+0100][gc          ] GC(0) Pause Young (Normal) (G1 Evacuation Pause) 51M->7M(1024M) 6.287ms
[2022-11-16T18:56:05.076+0100][gc,cpu      ] GC(0) User=0.02s Sys=0.01s Real=0.01s
[2022-11-16T18:56:05.243+0100][gc,start    ] GC(1) Pause Young (Concurrent Start) (Metadata GC Threshold)
[2022-11-16T18:56:05.243+0100][gc,task     ] GC(1) Using 8 workers of 8 for evacuation
[2022-11-16T18:56:05.250+0100][gc,phases   ] GC(1)   Pre Evacuate Collection Set: 0.3ms
[2022-11-16T18:56:05.250+0100][gc,phases   ] GC(1)   Merge Heap Roots: 0.1ms
[2022-11-16T18:56:05.250+0100][gc,phases   ] GC(1)   Evacuate Collection Set: 6.0ms
[2022-11-16T18:56:05.250+0100][gc,phases   ] GC(1)   Post Evacuate Collection Set: 0.6ms
[2022-11-16T18:56:05.250+0100][gc,phases   ] GC(1)   Other: 0.2ms
[2022-11-16T18:56:05.250+0100][gc,heap     ] GC(1) Eden regions: 9->0(49)
[2022-11-16T18:56:05.250+0100][gc,heap     ] GC(1) Survivor regions: 7->2(7)
[2022-11-16T18:56:05.250+0100][gc,heap     ] GC(1) Old regions: 0->7
[2022-11-16T18:56:05.250+0100][gc,heap     ] GC(1) Archive regions: 2->2
[2022-11-16T18:56:05.250+0100][gc,heap     ] GC(1) Humongous regions: 0->0
[2022-11-16T18:56:05.250+0100][gc,metaspace] GC(1) Metaspace: 21283K(21504K)->21283K(21504K) NonClass: 18565K(18688K)->18565K(18688K) Class: 2717K(2816K)->2717K(2816K)
[2022-11-16T18:56:05.250+0100][gc          ] GC(1) Pause Young (Concurrent Start) (Metadata GC Threshold) 16M->8M(1024M) 7.458ms
[2022-11-16T18:56:05.250+0100][gc,cpu      ] GC(1) User=0.03s Sys=0.01s Real=0.01s
[2022-11-16T18:56:05.250+0100][gc          ] GC(2) Concurrent Mark Cycle
[2022-11-16T18:56:05.250+0100][gc,marking  ] GC(2) Concurrent Clear Claimed Marks
[2022-11-16T18:56:05.251+0100][gc,marking  ] GC(2) Concurrent Clear Claimed Marks 0.026ms
[2022-11-16T18:56:05.251+0100][gc,marking  ] GC(2) Concurrent Scan Root Regions
[2022-11-16T18:56:05.253+0100][gc,marking  ] GC(2) Concurrent Scan Root Regions 2.882ms
[2022-11-16T18:56:05.253+0100][gc,marking  ] GC(2) Concurrent Mark
[2022-11-16T18:56:05.254+0100][gc,marking  ] GC(2) Concurrent Mark From Roots
[2022-11-16T18:56:05.254+0100][gc,task     ] GC(2) Using 2 workers of 2 for marking
[2022-11-16T18:56:05.254+0100][gc,marking  ] GC(2) Concurrent Mark From Roots 0.847ms
[2022-11-16T18:56:05.254+0100][gc,marking  ] GC(2) Concurrent Preclean
[2022-11-16T18:56:05.254+0100][gc,marking  ] GC(2) Concurrent Preclean 0.020ms
[2022-11-16T18:56:05.255+0100][gc,start    ] GC(2) Pause Remark
[2022-11-16T18:56:05.256+0100][gc          ] GC(2) Pause Remark 9M->9M(1024M) 1.718ms
[2022-11-16T18:56:05.256+0100][gc,cpu      ] GC(2) User=0.00s Sys=0.00s Real=0.00s
[2022-11-16T18:56:05.256+0100][gc,marking  ] GC(2) Concurrent Mark 2.975ms
[2022-11-16T18:56:05.257+0100][gc,marking  ] GC(2) Concurrent Rebuild Remembered Sets
[2022-11-16T18:56:05.257+0100][gc,marking  ] GC(2) Concurrent Rebuild Remembered Sets 0.013ms
[2022-11-16T18:56:05.257+0100][gc,start    ] GC(2) Pause Cleanup
[2022-11-16T18:56:05.257+0100][gc          ] GC(2) Pause Cleanup 9M->9M(1024M) 0.032ms
[2022-11-16T18:56:05.257+0100][gc,cpu      ] GC(2) User=0.00s Sys=0.00s Real=0.00s
[2022-11-16T18:56:05.257+0100][gc,marking  ] GC(2) Concurrent Cleanup for Next Mark
[2022-11-16T18:56:05.265+0100][gc,marking  ] GC(2) Concurrent Cleanup for Next Mark 7.992ms
[2022-11-16T18:56:05.265+0100][gc          ] GC(2) Concurrent Mark Cycle 14.418ms
[2022-11-16T18:56:06.598+0100][gc,start    ] GC(3) Pause Young (Normal) (G1 Evacuation Pause)
[2022-11-16T18:56:06.598+0100][gc,task     ] GC(3) Using 8 workers of 8 for evacuation
[2022-11-16T18:56:06.606+0100][gc,phases   ] GC(3)   Pre Evacuate Collection Set: 0.3ms
[2022-11-16T18:56:06.606+0100][gc,phases   ] GC(3)   Merge Heap Roots: 0.2ms
[2022-11-16T18:56:06.606+0100][gc,phases   ] GC(3)   Evacuate Collection Set: 6.0ms
[2022-11-16T18:56:06.606+0100][gc,phases   ] GC(3)   Post Evacuate Collection Set: 0.9ms
[2022-11-16T18:56:06.606+0100][gc,phases   ] GC(3)   Other: 0.2ms
[2022-11-16T18:56:06.606+0100][gc,heap     ] GC(3) Eden regions: 49->0(45)
[2022-11-16T18:56:06.606+0100][gc,heap     ] GC(3) Survivor regions: 2->6(7)
[2022-11-16T18:56:06.606+0100][gc,heap     ] GC(3) Old regions: 7->7
[2022-11-16T18:56:06.606+0100][gc,heap     ] GC(3) Archive regions: 2->2
[2022-11-16T18:56:06.606+0100][gc,heap     ] GC(3) Humongous regions: 129->129
[2022-11-16T18:56:06.606+0100][gc,metaspace] GC(3) Metaspace: 33425K(33792K)->33425K(33792K) NonClass: 29468K(29632K)->29468K(29632K) Class: 3956K(4160K)->3956K(4160K)
[2022-11-16T18:56:06.606+0100][gc          ] GC(3) Pause Young (Normal) (G1 Evacuation Pause) 186M->142M(1024M) 7.953ms
[2022-11-16T18:56:06.606+0100][gc,cpu      ] GC(3) User=0.04s Sys=0.00s Real=0.01s
[2022-11-16T18:56:06.752+0100][gc,start    ] GC(4) Pause Young (Concurrent Start) (Metadata GC Threshold)
[2022-11-16T18:56:06.752+0100][gc,task     ] GC(4) Using 8 workers of 8 for evacuation
[2022-11-16T18:56:06.761+0100][gc,phases   ] GC(4)   Pre Evacuate Collection Set: 0.4ms
[2022-11-16T18:56:06.761+0100][gc,phases   ] GC(4)   Merge Heap Roots: 0.1ms
[2022-11-16T18:56:06.761+0100][gc,phases   ] GC(4)   Evacuate Collection Set: 7.6ms
[2022-11-16T18:56:06.761+0100][gc,phases   ] GC(4)   Post Evacuate Collection Set: 0.7ms
[2022-11-16T18:56:06.761+0100][gc,phases   ] GC(4)   Other: 0.2ms
[2022-11-16T18:56:06.761+0100][gc,heap     ] GC(4) Eden regions: 9->0(49)
[2022-11-16T18:56:06.761+0100][gc,heap     ] GC(4) Survivor regions: 6->2(7)
[2022-11-16T18:56:06.761+0100][gc,heap     ] GC(4) Old regions: 7->13
[2022-11-16T18:56:06.761+0100][gc,heap     ] GC(4) Archive regions: 2->2
[2022-11-16T18:56:06.761+0100][gc,heap     ] GC(4) Humongous regions: 129->129
[2022-11-16T18:56:06.761+0100][gc,metaspace] GC(4) Metaspace: 35616K(35968K)->35616K(35968K) NonClass: 31399K(31552K)->31399K(31552K) Class: 4216K(4416K)->4216K(4416K)
[2022-11-16T18:56:06.761+0100][gc          ] GC(4) Pause Young (Concurrent Start) (Metadata GC Threshold) 151M->143M(1024M) 9.517ms
[2022-11-16T18:56:06.761+0100][gc          ] GC(5) Concurrent Mark Cycle
[2022-11-16T18:56:06.761+0100][gc,cpu      ] GC(4) User=0.03s Sys=0.01s Real=0.01s
[2022-11-16T18:56:06.761+0100][gc,marking  ] GC(5) Concurrent Clear Claimed Marks
[2022-11-16T18:56:06.762+0100][gc,marking  ] GC(5) Concurrent Clear Claimed Marks 0.065ms
[2022-11-16T18:56:06.762+0100][gc,marking  ] GC(5) Concurrent Scan Root Regions
[2022-11-16T18:56:06.767+0100][gc,marking  ] GC(5) Concurrent Scan Root Regions 5.523ms
[2022-11-16T18:56:06.767+0100][gc,marking  ] GC(5) Concurrent Mark
[2022-11-16T18:56:06.767+0100][gc,marking  ] GC(5) Concurrent Mark From Roots
[2022-11-16T18:56:06.770+0100][gc,task     ] GC(5) Using 2 workers of 2 for marking
[2022-11-16T18:56:06.799+0100][gc,marking  ] GC(5) Concurrent Mark From Roots 31.438ms
[2022-11-16T18:56:06.799+0100][gc,marking  ] GC(5) Concurrent Preclean
[2022-11-16T18:56:06.799+0100][gc,marking  ] GC(5) Concurrent Preclean 0.118ms
[2022-11-16T18:56:06.823+0100][gc,start    ] GC(5) Pause Remark
[2022-11-16T18:56:06.838+0100][gc          ] GC(5) Pause Remark 145M->145M(1024M) 15.207ms
[2022-11-16T18:56:06.838+0100][gc,cpu      ] GC(5) User=0.02s Sys=0.00s Real=0.01s
[2022-11-16T18:56:06.849+0100][gc,marking  ] GC(5) Concurrent Mark 81.362ms
[2022-11-16T18:56:06.849+0100][gc,marking  ] GC(5) Concurrent Rebuild Remembered Sets
[2022-11-16T18:56:06.854+0100][gc,marking  ] GC(5) Concurrent Rebuild Remembered Sets 5.710ms
[2022-11-16T18:56:06.855+0100][gc,start    ] GC(5) Pause Cleanup
[2022-11-16T18:56:06.855+0100][gc          ] GC(5) Pause Cleanup 145M->145M(1024M) 0.255ms
[2022-11-16T18:56:06.855+0100][gc,cpu      ] GC(5) User=0.00s Sys=0.00s Real=0.00s
[2022-11-16T18:56:06.866+0100][gc,marking  ] GC(5) Concurrent Cleanup for Next Mark
[2022-11-16T18:56:06.874+0100][gc,marking  ] GC(5) Concurrent Cleanup for Next Mark 8.052ms
[2022-11-16T18:56:06.874+0100][gc          ] GC(5) Concurrent Mark Cycle 112.295ms
[2022-11-16T18:57:04.410+0100][gc,heap,exit] Heap
[2022-11-16T18:57:04.410+0100][gc,heap,exit]  garbage-first heap   total 1048576K, used 169028K [0x00000007c0000000, 0x0000000800000000)
[2022-11-16T18:57:04.410+0100][gc,heap,exit]   region size 1024K, 24 young (24576K), 2 survivors (2048K)
[2022-11-16T18:57:04.410+0100][gc,heap,exit]  Metaspace       used 38712K, committed 39168K, reserved 1114112K
[2022-11-16T18:57:04.410+0100][gc,heap,exit]   class space    used 4800K, committed 4992K, reserved 1048576K
