[2022-11-16T17:15:45.528+0100][gc,init] CardTable entry size: 512
[2022-11-16T17:15:45.528+0100][gc     ] Using G1
[2022-11-16T17:15:45.531+0100][gc,init] Version: 19.0.1+10-21 (release)
[2022-11-16T17:15:45.532+0100][gc,init] CPUs: 8 total, 8 available
[2022-11-16T17:15:45.532+0100][gc,init] Memory: 16384M
[2022-11-16T17:15:45.532+0100][gc,init] Large Page Support: Disabled
[2022-11-16T17:15:45.532+0100][gc,init] NUMA Support: Disabled
[2022-11-16T17:15:45.532+0100][gc,init] Compressed Oops: Enabled (Zero based)
[2022-11-16T17:15:45.532+0100][gc,init] Heap Region Size: 1M
[2022-11-16T17:15:45.532+0100][gc,init] Heap Min Capacity: 512M
[2022-11-16T17:15:45.532+0100][gc,init] Heap Initial Capacity: 512M
[2022-11-16T17:15:45.532+0100][gc,init] Heap Max Capacity: 512M
[2022-11-16T17:15:45.532+0100][gc,init] Pre-touch: Disabled
[2022-11-16T17:15:45.532+0100][gc,init] Parallel Workers: 8
[2022-11-16T17:15:45.532+0100][gc,init] Concurrent Workers: 2
[2022-11-16T17:15:45.532+0100][gc,init] Concurrent Refinement Workers: 8
[2022-11-16T17:15:45.532+0100][gc,init] Periodic GC: Disabled
[2022-11-16T17:15:45.532+0100][gc,metaspace] CDS archive(s) mapped at: [0x0000000800000000-0x0000000800c44000-0x0000000800c44000), size 12861440, SharedBaseAddress: 0x0000000800000000, ArchiveRelocationMode: 0.
[2022-11-16T17:15:45.532+0100][gc,metaspace] Compressed class space mapped at: 0x0000000801000000-0x0000000841000000, reserved size: 1073741824
[2022-11-16T17:15:45.532+0100][gc,metaspace] Narrow klass base: 0x0000000800000000, Narrow klass shift: 0, Narrow klass range: 0x100000000
[2022-11-16T17:15:46.583+0100][gc,start    ] GC(0) Pause Young (Normal) (G1 Evacuation Pause)
[2022-11-16T17:15:46.585+0100][gc,task     ] GC(0) Using 8 workers of 8 for evacuation
[2022-11-16T17:15:46.589+0100][gc,phases   ] GC(0)   Pre Evacuate Collection Set: 0.1ms
[2022-11-16T17:15:46.589+0100][gc,phases   ] GC(0)   Merge Heap Roots: 0.2ms
[2022-11-16T17:15:46.589+0100][gc,phases   ] GC(0)   Evacuate Collection Set: 3.1ms
[2022-11-16T17:15:46.589+0100][gc,phases   ] GC(0)   Post Evacuate Collection Set: 0.5ms
[2022-11-16T17:15:46.589+0100][gc,phases   ] GC(0)   Other: 0.6ms
[2022-11-16T17:15:46.589+0100][gc,heap     ] GC(0) Eden regions: 25->0(21)
[2022-11-16T17:15:46.589+0100][gc,heap     ] GC(0) Survivor regions: 0->4(4)
[2022-11-16T17:15:46.589+0100][gc,heap     ] GC(0) Old regions: 0->4
[2022-11-16T17:15:46.589+0100][gc,heap     ] GC(0) Archive regions: 2->2
[2022-11-16T17:15:46.589+0100][gc,heap     ] GC(0) Humongous regions: 0->0
[2022-11-16T17:15:46.589+0100][gc,metaspace] GC(0) Metaspace: 8402K(8640K)->8402K(8640K) NonClass: 7517K(7616K)->7517K(7616K) Class: 884K(1024K)->884K(1024K)
[2022-11-16T17:15:46.589+0100][gc          ] GC(0) Pause Young (Normal) (G1 Evacuation Pause) 25M->7M(512M) 5.858ms
[2022-11-16T17:15:46.589+0100][gc,cpu      ] GC(0) User=0.02s Sys=0.00s Real=0.00s
[2022-11-16T19:00:39.404+0100][gc,heap,exit] Heap
[2022-11-16T19:00:39.404+0100][gc,heap,exit]  garbage-first heap   total 524288K, used 16439K [0x00000007e0000000, 0x0000000800000000)
[2022-11-16T19:00:39.404+0100][gc,heap,exit]   region size 1024K, 13 young (13312K), 4 survivors (4096K)
[2022-11-16T19:00:39.404+0100][gc,heap,exit]  Metaspace       used 9406K, committed 9664K, reserved 1114112K
[2022-11-16T19:00:39.404+0100][gc,heap,exit]   class space    used 959K, committed 1088K, reserved 1048576K
