[2022-11-17T17:07:35.051+0100][gc,init] CardTable entry size: 512
[2022-11-17T17:07:35.052+0100][gc     ] Using G1
[2022-11-17T17:07:35.056+0100][gc,init] Version: 19.0.1+10-21 (release)
[2022-11-17T17:07:35.056+0100][gc,init] CPUs: 8 total, 8 available
[2022-11-17T17:07:35.056+0100][gc,init] Memory: 16384M
[2022-11-17T17:07:35.056+0100][gc,init] Large Page Support: Disabled
[2022-11-17T17:07:35.056+0100][gc,init] NUMA Support: Disabled
[2022-11-17T17:07:35.056+0100][gc,init] Compressed Oops: Enabled (Zero based)
[2022-11-17T17:07:35.056+0100][gc,init] Heap Region Size: 1M
[2022-11-17T17:07:35.056+0100][gc,init] Heap Min Capacity: 512M
[2022-11-17T17:07:35.056+0100][gc,init] Heap Initial Capacity: 512M
[2022-11-17T17:07:35.056+0100][gc,init] Heap Max Capacity: 512M
[2022-11-17T17:07:35.056+0100][gc,init] Pre-touch: Disabled
[2022-11-17T17:07:35.056+0100][gc,init] Parallel Workers: 8
[2022-11-17T17:07:35.056+0100][gc,init] Concurrent Workers: 2
[2022-11-17T17:07:35.056+0100][gc,init] Concurrent Refinement Workers: 8
[2022-11-17T17:07:35.056+0100][gc,init] Periodic GC: Disabled
[2022-11-17T17:07:35.056+0100][gc,metaspace] CDS archive(s) mapped at: [0x0000000800000000-0x0000000800c44000-0x0000000800c44000), size 12861440, SharedBaseAddress: 0x0000000800000000, ArchiveRelocationMode: 0.
[2022-11-17T17:07:35.056+0100][gc,metaspace] Compressed class space mapped at: 0x0000000801000000-0x0000000841000000, reserved size: 1073741824
[2022-11-17T17:07:35.056+0100][gc,metaspace] Narrow klass base: 0x0000000800000000, Narrow klass shift: 0, Narrow klass range: 0x100000000
[2022-11-17T17:07:36.524+0100][gc,start    ] GC(0) Pause Young (Normal) (G1 Evacuation Pause)
[2022-11-17T17:07:36.526+0100][gc,task     ] GC(0) Using 8 workers of 8 for evacuation
[2022-11-17T17:07:36.533+0100][gc,phases   ] GC(0)   Pre Evacuate Collection Set: 0.1ms
[2022-11-17T17:07:36.533+0100][gc,phases   ] GC(0)   Merge Heap Roots: 0.7ms
[2022-11-17T17:07:36.533+0100][gc,phases   ] GC(0)   Evacuate Collection Set: 4.1ms
[2022-11-17T17:07:36.533+0100][gc,phases   ] GC(0)   Post Evacuate Collection Set: 0.6ms
[2022-11-17T17:07:36.534+0100][gc,phases   ] GC(0)   Other: 1.9ms
[2022-11-17T17:07:36.534+0100][gc,heap     ] GC(0) Eden regions: 25->0(21)
[2022-11-17T17:07:36.534+0100][gc,heap     ] GC(0) Survivor regions: 0->4(4)
[2022-11-17T17:07:36.534+0100][gc,heap     ] GC(0) Old regions: 0->4
[2022-11-17T17:07:36.534+0100][gc,heap     ] GC(0) Archive regions: 2->2
[2022-11-17T17:07:36.534+0100][gc,heap     ] GC(0) Humongous regions: 0->0
[2022-11-17T17:07:36.534+0100][gc,metaspace] GC(0) Metaspace: 8377K(8576K)->8377K(8576K) NonClass: 7495K(7616K)->7495K(7616K) Class: 882K(960K)->882K(960K)
[2022-11-17T17:07:36.534+0100][gc          ] GC(0) Pause Young (Normal) (G1 Evacuation Pause) 25M->8M(512M) 10.172ms
[2022-11-17T17:07:36.534+0100][gc,cpu      ] GC(0) User=0.01s Sys=0.01s Real=0.01s
[2022-11-17T19:03:32.699+0100][gc,heap,exit] Heap
[2022-11-17T19:03:32.699+0100][gc,heap,exit]  garbage-first heap   total 524288K, used 21640K [0x00000007e0000000, 0x0000000800000000)
[2022-11-17T19:03:32.699+0100][gc,heap,exit]   region size 1024K, 18 young (18432K), 4 survivors (4096K)
[2022-11-17T19:03:32.699+0100][gc,heap,exit]  Metaspace       used 9500K, committed 9792K, reserved 1114112K
[2022-11-17T19:03:32.699+0100][gc,heap,exit]   class space    used 961K, committed 1088K, reserved 1048576K
